Component: ARM Compiler 5.05 update 2 (build 169) Tool: armlink [4d0f33]

==============================================================================

Section Cross References

    startup_stm32f407xx.o(RESET) refers to startup_stm32f407xx.o(STACK) for __initial_sp
    startup_stm32f407xx.o(RESET) refers to startup_stm32f407xx.o(.text) for Reset_Handler
    startup_stm32f407xx.o(RESET) refers to stm32f4xx_it.o(i.SysTick_Handler) for SysTick_Handler
    startup_stm32f407xx.o(.text) refers to system_stm32f4xx.o(i.SystemInit) for SystemInit
    startup_stm32f407xx.o(.text) refers to entry.o(.ARM.Collect$$$$00000000) for __main
    stm32f4xx_hal_uart.o(i.HAL_HalfDuplex_Init) refers to stm32f4xx_hal_msp.o(i.HAL_UART_MspInit) for HAL_UART_MspInit
    stm32f4xx_hal_uart.o(i.HAL_HalfDuplex_Init) refers to stm32f4xx_hal_uart.o(i.UART_SetConfig) for UART_SetConfig
    stm32f4xx_hal_uart.o(i.HAL_LIN_Init) refers to stm32f4xx_hal_msp.o(i.HAL_UART_MspInit) for HAL_UART_MspInit
    stm32f4xx_hal_uart.o(i.HAL_LIN_Init) refers to stm32f4xx_hal_uart.o(i.UART_SetConfig) for UART_SetConfig
    stm32f4xx_hal_uart.o(i.HAL_MultiProcessor_Init) refers to stm32f4xx_hal_msp.o(i.HAL_UART_MspInit) for HAL_UART_MspInit
    stm32f4xx_hal_uart.o(i.HAL_MultiProcessor_Init) refers to stm32f4xx_hal_uart.o(i.UART_SetConfig) for UART_SetConfig
    stm32f4xx_hal_uart.o(i.HAL_UART_DMAStop) refers to stm32f4xx_hal_dma.o(i.HAL_DMA_Abort) for HAL_DMA_Abort
    stm32f4xx_hal_uart.o(i.HAL_UART_DeInit) refers to stm32f4xx_hal_msp.o(i.HAL_UART_MspDeInit) for HAL_UART_MspDeInit
    stm32f4xx_hal_uart.o(i.HAL_UART_IRQHandler) refers to stm32f4xx_hal_uart.o(i.UART_Receive_IT) for UART_Receive_IT
    stm32f4xx_hal_uart.o(i.HAL_UART_IRQHandler) refers to stm32f4xx_hal_uart.o(i.UART_Transmit_IT) for UART_Transmit_IT
    stm32f4xx_hal_uart.o(i.HAL_UART_IRQHandler) refers to stm32f4xx_hal_uart.o(i.HAL_UART_TxCpltCallback) for HAL_UART_TxCpltCallback
    stm32f4xx_hal_uart.o(i.HAL_UART_IRQHandler) refers to stm32f4xx_hal_uart.o(i.HAL_UART_ErrorCallback) for HAL_UART_ErrorCallback
    stm32f4xx_hal_uart.o(i.HAL_UART_Init) refers to stm32f4xx_hal_msp.o(i.HAL_UART_MspInit) for HAL_UART_MspInit
    stm32f4xx_hal_uart.o(i.HAL_UART_Init) refers to stm32f4xx_hal_uart.o(i.UART_SetConfig) for UART_SetConfig
    stm32f4xx_hal_uart.o(i.HAL_UART_Receive) refers to stm32f4xx_hal_uart.o(i.UART_WaitOnFlagUntilTimeout) for UART_WaitOnFlagUntilTimeout
    stm32f4xx_hal_uart.o(i.HAL_UART_Receive_DMA) refers to stm32f4xx_hal_dma.o(i.HAL_DMA_Start_IT) for HAL_DMA_Start_IT
    stm32f4xx_hal_uart.o(i.HAL_UART_Receive_DMA) refers to stm32f4xx_hal_uart.o(i.UART_DMAReceiveCplt) for UART_DMAReceiveCplt
    stm32f4xx_hal_uart.o(i.HAL_UART_Receive_DMA) refers to stm32f4xx_hal_uart.o(i.UART_DMARxHalfCplt) for UART_DMARxHalfCplt
    stm32f4xx_hal_uart.o(i.HAL_UART_Receive_DMA) refers to stm32f4xx_hal_uart.o(i.UART_DMAError) for UART_DMAError
    stm32f4xx_hal_uart.o(i.HAL_UART_Transmit) refers to stm32f4xx_hal_uart.o(i.UART_WaitOnFlagUntilTimeout) for UART_WaitOnFlagUntilTimeout
    stm32f4xx_hal_uart.o(i.HAL_UART_Transmit_DMA) refers to stm32f4xx_hal_dma.o(i.HAL_DMA_Start_IT) for HAL_DMA_Start_IT
    stm32f4xx_hal_uart.o(i.HAL_UART_Transmit_DMA) refers to stm32f4xx_hal_uart.o(i.UART_DMATransmitCplt) for UART_DMATransmitCplt
    stm32f4xx_hal_uart.o(i.HAL_UART_Transmit_DMA) refers to stm32f4xx_hal_uart.o(i.UART_DMATxHalfCplt) for UART_DMATxHalfCplt
    stm32f4xx_hal_uart.o(i.HAL_UART_Transmit_DMA) refers to stm32f4xx_hal_uart.o(i.UART_DMAError) for UART_DMAError
    stm32f4xx_hal_uart.o(i.UART_DMAError) refers to stm32f4xx_hal_uart.o(i.HAL_UART_ErrorCallback) for HAL_UART_ErrorCallback
    stm32f4xx_hal_uart.o(i.UART_DMAReceiveCplt) refers to stm32f4xx_hal_uart.o(i.HAL_UART_RxCpltCallback) for HAL_UART_RxCpltCallback
    stm32f4xx_hal_uart.o(i.UART_DMARxHalfCplt) refers to stm32f4xx_hal_uart.o(i.HAL_UART_RxHalfCpltCallback) for HAL_UART_RxHalfCpltCallback
    stm32f4xx_hal_uart.o(i.UART_DMATransmitCplt) refers to stm32f4xx_hal_uart.o(i.HAL_UART_TxCpltCallback) for HAL_UART_TxCpltCallback
    stm32f4xx_hal_uart.o(i.UART_DMATxHalfCplt) refers to stm32f4xx_hal_uart.o(i.HAL_UART_TxHalfCpltCallback) for HAL_UART_TxHalfCpltCallback
    stm32f4xx_hal_uart.o(i.UART_Receive_IT) refers to stm32f4xx_hal_uart.o(i.HAL_UART_RxCpltCallback) for HAL_UART_RxCpltCallback
    stm32f4xx_hal_uart.o(i.UART_SetConfig) refers to stm32f4xx_hal_rcc.o(i.HAL_RCC_GetPCLK2Freq) for HAL_RCC_GetPCLK2Freq
    stm32f4xx_hal_uart.o(i.UART_SetConfig) refers to stm32f4xx_hal_rcc.o(i.HAL_RCC_GetPCLK1Freq) for HAL_RCC_GetPCLK1Freq
    stm32f4xx_hal_uart.o(i.UART_WaitOnFlagUntilTimeout) refers to stm32f4xx_hal.o(i.HAL_GetTick) for HAL_GetTick
    stm32f4xx_hal_spi.o(i.HAL_SPI_DMAStop) refers to stm32f4xx_hal_dma.o(i.HAL_DMA_Abort) for HAL_DMA_Abort
    stm32f4xx_hal_spi.o(i.HAL_SPI_DeInit) refers to stm32f4xx_hal_msp.o(i.HAL_SPI_MspDeInit) for HAL_SPI_MspDeInit
[...]
    ff.o(i.f_utime) refers to ff.o(i.find_volume) for find_volume
    ff.o(i.f_utime) refers to syscall.o(i.ff_memalloc) for ff_memalloc
    ff.o(i.f_utime) refers to ff.o(i.follow_path) for follow_path
    ff.o(i.f_utime) refers to syscall.o(i.ff_memfree) for ff_memfree
    ff.o(i.f_utime) refers to ff.o(i.sync_fs) for sync_fs
    ff.o(i.f_write) refers to ff.o(i.validate) for validate
    ff.o(i.f_write) refers to ff.o(i.clmt_clust) for clmt_clust
    ff.o(i.f_write) refers to ff.o(i.create_chain) for create_chain
    ff.o(i.f_write) refers to diskio.o(i.disk_write) for disk_write
    ff.o(i.f_write) refers to ff.o(i.clust2sect) for clust2sect
    ff.o(i.f_write) refers to ff.o(i.mem_cpy) for mem_cpy
    ff.o(i.f_write) refers to diskio.o(i.disk_read) for disk_read
    ff.o(i.find_volume) refers to ff.o(i.get_ldnumber) for get_ldnumber
    ff.o(i.find_volume) refers to diskio.o(i.disk_status) for disk_status
    ff.o(i.find_volume) refers to diskio.o(i.disk_initialize) for disk_initialize
    ff.o(i.find_volume) refers to ff.o(i.check_fs) for check_fs
    ff.o(i.find_volume) refers to ff.o(i.move_window) for move_window
    ff.o(i.find_volume) refers to ff.o(i.clear_lock) for clear_lock
    ff.o(i.find_volume) refers to ff.o(.data) for .data
    ff.o(i.follow_path) refers to ff.o(i.dir_sdi) for dir_sdi
    ff.o(i.follow_path) refers to ff.o(i.create_name) for create_name
    ff.o(i.follow_path) refers to ff.o(i.dir_find) for dir_find
    ff.o(i.follow_path) refers to ff.o(i.ld_clust) for ld_clust
    ff.o(i.gen_numname) refers to ff.o(i.mem_cpy) for mem_cpy
    ff.o(i.get_fat) refers to ff.o(i.move_window) for move_window
    ff.o(i.get_fileinfo) refers to ccsbcs.o(i.ff_convert) for ff_convert
    ff.o(i.inc_lock) refers to ff.o(.bss) for .bss
    ff.o(i.move_window) refers to ff.o(i.sync_window) for sync_window
    ff.o(i.move_window) refers to diskio.o(i.disk_read) for disk_read
    ff.o(i.put_fat) refers to ff.o(i.move_window) for move_window
    ff.o(i.putc_bfd) refers to ff.o(i.f_write) for f_write
    ff.o(i.remove_chain) refers to ff.o(i.get_fat) for get_fat
    ff.o(i.remove_chain) refers to ff.o(i.put_fat) for put_fat
    ff.o(i.sync_fs) refers to ff.o(i.sync_window) for sync_window
    ff.o(i.sync_fs) refers to ff.o(i.mem_set) for mem_set
    ff.o(i.sync_fs) refers to diskio.o(i.disk_write) for disk_write
    ff.o(i.sync_fs) refers to diskio.o(i.disk_ioctl) for disk_ioctl
    ff.o(i.sync_window) refers to diskio.o(i.disk_write) for disk_write
    ff.o(i.validate) refers to diskio.o(i.disk_status) for disk_status
    ff_gen_drv.o(i.FATFS_GetAttachedDriversNbr) refers to ff_gen_drv.o(.bss) for .bss
    ff_gen_drv.o(i.FATFS_LinkDriver) refers to ff_gen_drv.o(.bss) for .bss
    ff_gen_drv.o(i.FATFS_UnLinkDriver) refers to ff_gen_drv.o(.bss) for .bss
    ccsbcs.o(i.ff_convert) refers to ccsbcs.o(.constdata) for .constdata
    ccsbcs.o(i.ff_wtoupper) refers to ccsbcs.o(.constdata) for .constdata
    system_stm32f4xx.o(i.SystemCoreClockUpdate) refers to system_stm32f4xx.o(.data) for .data
    system_stm32f4xx.o(i.SystemCoreClockUpdate) refers to system_stm32f4xx.o(.constdata) for .constdata
    entry.o(.ARM.Collect$$$$00000000) refers (Special) to entry10a.o(.ARM.Collect$$$$0000000D) for __rt_final_cpp
    entry.o(.ARM.Collect$$$$00000000) refers (Special) to entry11a.o(.ARM.Collect$$$$0000000F) for __rt_final_exit
    entry.o(.ARM.Collect$$$$00000000) refers (Special) to entry7b.o(.ARM.Collect$$$$00000008) for _main_clock
    entry.o(.ARM.Collect$$$$00000000) refers (Special) to entry8b.o(.ARM.Collect$$$$0000000A) for _main_cpp_init
    entry.o(.ARM.Collect$$$$00000000) refers (Special) to entry9a.o(.ARM.Collect$$$$0000000B) for _main_init
    entry.o(.ARM.Collect$$$$00000000) refers (Special) to entry5.o(.ARM.Collect$$$$00000004) for _main_scatterload
    entry.o(.ARM.Collect$$$$00000000) refers (Special) to entry2.o(.ARM.Collect$$$$00000001) for _main_stk
    malloc.o(i.free) refers to mvars.o(.data) for __microlib_freelist
    malloc.o(i.malloc) refers to mvars.o(.data) for __microlib_freelist_initialised
    malloc.o(i.malloc) refers to mvars.o(.data) for __microlib_freelist
    malloc.o(i.malloc) refers to startup_stm32f407xx.o(HEAP) for __heap_base
    mallocr.o(i.__free$realloc) refers to mvars.o(.data) for __microlib_freelist
    mallocr.o(i.__malloc$realloc) refers to mallocr.o(i.internal_alloc) for internal_alloc
    mallocr.o(i.__malloc$realloc) refers to mvars.o(.data) for __microlib_freelist_initialised
    mallocr.o(i.__malloc$realloc) refers to startup_stm32f407xx.o(HEAP) for __heap_base
    mallocr.o(i.__malloc$realloc) refers to mvars.o(.data) for __microlib_freelist
    mallocr.o(i.internal_alloc) refers to memcpya.o(.text) for __aeabi_memcpy
    mallocr.o(i.internal_alloc) refers to mvars.o(.data) for __microlib_freelist
    mallocr.o(i.realloc) refers to mallocr.o(i.__free$realloc) for __free$realloc
    mallocr.o(i.realloc) refers to mallocr.o(i.internal_alloc) for internal_alloc
    mallocr.o(i.realloc) refers to mallocr.o(i.__malloc$realloc) for __malloc$realloc
    mallocr.o(i.realloc) refers to mvars.o(.data) for __microlib_freelist
    malloca.o(i.__aligned_malloc) refers to mvars.o(.data) for __microlib_freelist_initialised
    malloca.o(i.__aligned_malloc) refers to mvars.o(.data) for __microlib_freelist
    malloca.o(i.__aligned_malloc) refers to startup_stm32f407xx.o(HEAP) for __heap_base
    malloca.o(i.__free$memalign) refers to mvars.o(.data) for __microlib_freelist
    malloca.o(i.__malloc$memalign) refers to malloca.o(i.__aligned_malloc) for __aligned_malloc
    mallocra.o(i.__aligned_malloc$realloc) refers to mallocra.o(i.internal_alloc) for internal_alloc
    mallocra.o(i.__aligned_malloc$realloc) refers to mvars.o(.data) for __microlib_freelist_initialised
    mallocra.o(i.__aligned_malloc$realloc) refers to startup_stm32f407xx.o(HEAP) for __heap_base
    mallocra.o(i.__aligned_malloc$realloc) refers to mvars.o(.data) for __microlib_freelist
    mallocra.o(i.__free$realloc$memalign) refers to mvars.o(.data) for __microlib_freelist
    mallocra.o(i.__malloc$realloc$memalign) refers to mallocra.o(i.__aligned_malloc$realloc) for __aligned_malloc$realloc
    mallocra.o(i.__realloc$memalign) refers to mallocra.o(i.__free$realloc$memalign) for __free$realloc$memalign
    mallocra.o(i.__realloc$memalign) refers to mallocra.o(i.internal_alloc) for internal_alloc
    mallocra.o(i.__realloc$memalign) refers to mallocra.o(i.__malloc$realloc$memalign) for __malloc$realloc$memalign
    mallocra.o(i.__realloc$memalign) refers to mvars.o(.data) for __microlib_freelist
    mallocra.o(i.internal_alloc) refers to memcpya.o(.text) for __aeabi_memcpy
    mallocra.o(i.internal_alloc) refers to mvars.o(.data) for __microlib_freelist
    entry2.o(.ARM.Collect$$$$00000001) refers to entry2.o(.ARM.Collect$$$$00002712) for __lit__00000000
    entry2.o(.ARM.Collect$$$$00002712) refers to startup_stm32f407xx.o(STACK) for __initial_sp
    entry2.o(__vectab_stack_and_reset_area) refers to startup_stm32f407xx.o(STACK) for __initial_sp
    entry2.o(__vectab_stack_and_reset_area) refers to entry.o(.ARM.Collect$$$$00000000) for __main
    entry5.o(.ARM.Collect$$$$00000004) refers to init.o(.text) for __scatterload
    entry9a.o(.ARM.Collect$$$$0000000B) refers to main.o(i.main) for main
    entry9b.o(.ARM.Collect$$$$0000000C) refers to main.o(i.main) for main
    init.o(.text) refers to entry5.o(.ARM.Collect$$$$00000004) for __main_after_scatterload


==============================================================================

Removing Unused input sections from the image.

    Removing startup_stm32f407xx.o(HEAP), (512 bytes).
    Removing stm32f4xx_hal_uart.o(.rev16_text), (4 bytes).
    Removing stm32f4xx_hal_uart.o(.revsh_text), (4 bytes).
    Removing stm32f4xx_hal_uart.o(.rrx_text), (6 bytes).
    Removing stm32f4xx_hal_uart.o(i.HAL_HalfDuplex_EnableReceiver), (48 bytes).
    Removing stm32f4xx_hal_uart.o(i.HAL_HalfDuplex_EnableTransmitter), (48 bytes).
    Removing stm32f4xx_hal_uart.o(i.HAL_HalfDuplex_Init), (104 bytes).
    Removing stm32f4xx_hal_uart.o(i.HAL_LIN_Init), (124 bytes).
    Removing stm32f4xx_hal_uart.o(i.HAL_LIN_SendBreak), (44 bytes).
    Removing stm32f4xx_hal_uart.o(i.HAL_MultiProcessor_EnterMuteMode), (44 bytes).
    Removing stm32f4xx_hal_uart.o(i.HAL_MultiProcessor_ExitMuteMode), (44 bytes).
    Removing stm32f4xx_hal_uart.o(i.HAL_MultiProcessor_Init), (138 bytes).
    Removing stm32f4xx_hal_uart.o(i.HAL_UART_DMAPause), (86 bytes).
    Removing stm32f4xx_hal_uart.o(i.HAL_UART_DMAResume), (102 bytes).
    Removing stm32f4xx_hal_uart.o(i.HAL_UART_DMAStop), (50 bytes).
    Removing stm32f4xx_hal_uart.o(i.HAL_UART_DeInit), (36 bytes).
    Removing stm32f4xx_hal_uart.o(i.HAL_UART_ErrorCallback), (2 bytes).
    Removing stm32f4xx_hal_uart.o(i.HAL_UART_GetError), (4 bytes).
    Removing stm32f4xx_hal_uart.o(i.HAL_UART_GetState), (6 bytes).
    Removing stm32f4xx_hal_uart.o(i.HAL_UART_IRQHandler), (266 bytes).
    Removing stm32f4xx_hal_uart.o(i.HAL_UART_MspDeInit), (2 bytes).
    Removing stm32f4xx_hal_uart.o(i.HAL_UART_MspInit), (2 bytes).
    Removing stm32f4xx_hal_uart.o(i.HAL_UART_Receive), (204 bytes).
    Removing stm32f4xx_hal_uart.o(i.HAL_UART_Receive_DMA), (136 bytes).
    Removing stm32f4xx_hal_uart.o(i.HAL_UART_Receive_IT), (106 bytes).
    Removing stm32f4xx_hal_uart.o(i.HAL_UART_RxCpltCallback), (2 bytes).
    Removing stm32f4xx_hal_uart.o(i.HAL_UART_RxHalfCpltCallback), (2 bytes).
    Removing stm32f4xx_hal_uart.o(i.HAL_UART_Transmit), (204 bytes).
    Removing stm32f4xx_hal_uart.o(i.HAL_UART_Transmit_DMA), (144 bytes).
    Removing stm32f4xx_hal_uart.o(i.HAL_UART_Transmit_IT), (106 bytes).
    Removing stm32f4xx_hal_uart.o(i.HAL_UART_TxCpltCallback), (2 bytes).
    Removing stm32f4xx_hal_uart.o(i.HAL_UART_TxHalfCpltCallback), (2 bytes).
    Removing stm32f4xx_hal_uart.o(i.UART_DMAError), (30 bytes).
    Removing stm32f4xx_hal_uart.o(i.UART_DMAReceiveCplt), (54 bytes).
    Removing stm32f4xx_hal_uart.o(i.UART_DMARxHalfCplt), (10 bytes).
    Removing stm32f4xx_hal_uart.o(i.UART_DMATransmitCplt), (46 bytes).
    Removing stm32f4xx_hal_uart.o(i.UART_DMATxHalfCplt), (10 bytes).
    Removing stm32f4xx_hal_uart.o(i.UART_Receive_IT), (168 bytes).
    Removing stm32f4xx_hal_uart.o(i.UART_Transmit_IT), (102 bytes).
    Removing stm32f4xx_hal_uart.o(i.UART_WaitOnFlagUntilTimeout), (146 bytes).
    Removing stm32f4xx_hal_spi.o(.rev16_text), (4 bytes).
    Removing stm32f4xx_hal_spi.o(.revsh_text), (4 bytes).
    Removing stm32f4xx_hal_spi.o(.rrx_text), (6 bytes).
    Removing stm32f4xx_hal_spi.o(i.HAL_SPI_DMAPause), (48 bytes).
    Removing stm32f4xx_hal_spi.o(i.HAL_SPI_DMAResume), (48 bytes).
    Removing stm32f4xx_hal_spi.o(i.HAL_SPI_DMAStop), (50 bytes).
    Removing stm32f4xx_hal_spi.o(i.HAL_SPI_DeInit), (40 bytes).
    Removing stm32f4xx_hal_spi.o(i.HAL_SPI_ErrorCallback), (2 bytes).
    Removing stm32f4xx_hal_spi.o(i.HAL_SPI_GetError), (4 bytes).
    Removing stm32f4xx_hal_spi.o(i.HAL_SPI_GetState), (6 bytes).
    Removing stm32f4xx_hal_spi.o(i.HAL_SPI_IRQHandler), (188 bytes).
    Removing stm32f4xx_hal_spi.o(i.HAL_SPI_MspDeInit), (2 bytes).
    Removing stm32f4xx_hal_spi.o(i.HAL_SPI_MspInit), (2 bytes).
    Removing stm32f4xx_hal_spi.o(i.HAL_SPI_Receive), (464 bytes).
    Removing stm32f4xx_hal_spi.o(i.HAL_SPI_Receive_DMA), (220 bytes).
    Removing stm32f4xx_hal_spi.o(i.HAL_SPI_Receive_IT), (180 bytes).
    Removing stm32f4xx_hal_spi.o(i.HAL_SPI_RxCpltCallback), (2 bytes).
    Removing stm32f4xx_hal_spi.o(i.HAL_SPI_RxHalfCpltCallback), (2 bytes).
    Removing stm32f4xx_hal_spi.o(i.HAL_SPI_Transmit), (324 bytes).
    Removing stm32f4xx_hal_spi.o(i.HAL_SPI_TransmitReceive), (682 bytes).
    Removing stm32f4xx_hal_spi.o(i.HAL_SPI_TransmitReceive_DMA), (272 bytes).
    Removing stm32f4xx_hal_spi.o(i.HAL_SPI_TransmitReceive_IT), (168 bytes).
    Removing stm32f4xx_hal_spi.o(i.HAL_SPI_Transmit_DMA), (188 bytes).
    Removing stm32f4xx_hal_spi.o(i.HAL_SPI_Transmit_IT), (160 bytes).
    Removing stm32f4xx_hal_spi.o(i.HAL_SPI_TxCpltCallback), (2 bytes).
    Removing stm32f4xx_hal_spi.o(i.HAL_SPI_TxHalfCpltCallback), (2 bytes).
    Removing stm32f4xx_hal_spi.o(i.HAL_SPI_TxRxCpltCallback), (2 bytes).
    Removing stm32f4xx_hal_spi.o(i.HAL_SPI_TxRxHalfCpltCallback), (2 bytes).
    Removing stm32f4xx_hal_spi.o(i.SPI_2LinesRxISR), (44 bytes).
    Removing stm32f4xx_hal_spi.o(i.SPI_DMAEndTransmitReceive), (154 bytes).
    Removing stm32f4xx_hal_spi.o(i.SPI_DMAError), (30 bytes).
    Removing stm32f4xx_hal_spi.o(i.SPI_DMAHalfReceiveCplt), (10 bytes).
    Removing stm32f4xx_hal_spi.o(i.SPI_DMAHalfTransmitCplt), (10 bytes).
    Removing stm32f4xx_hal_spi.o(i.SPI_DMAHalfTransmitReceiveCplt), (10 bytes).
    Removing stm32f4xx_hal_spi.o(i.SPI_DMAReceiveCplt), (192 bytes).
    Removing stm32f4xx_hal_spi.o(i.SPI_DMATransmitCplt), (108 bytes).
    Removing stm32f4xx_hal_spi.o(i.SPI_DMATransmitReceiveCplt), (44 bytes).
    Removing stm32f4xx_hal_spi.o(i.SPI_RxCloseIRQHandler), (208 bytes).
    Removing stm32f4xx_hal_spi.o(i.SPI_RxISR), (70 bytes).
    Removing stm32f4xx_hal_spi.o(i.SPI_TxCloseIRQHandler), (130 bytes).
    Removing stm32f4xx_hal_spi.o(i.SPI_TxISR), (66 bytes).
    Removing stm32f4xx_hal_spi.o(i.SPI_WaitOnFlagUntilTimeout), (158 bytes).
    Removing stm32f4xx_hal_gpio.o(.rev16_text), (4 bytes).
    Removing stm32f4xx_hal_gpio.o(.revsh_text), (4 bytes).
    Removing stm32f4xx_hal_gpio.o(.rrx_text), (6 bytes).
    Removing stm32f4xx_hal_gpio.o(i.HAL_GPIO_DeInit), (352 bytes).
    Removing stm32f4xx_hal_gpio.o(i.HAL_GPIO_EXTI_Callback), (2 bytes).
    Removing stm32f4xx_hal_gpio.o(i.HAL_GPIO_EXTI_IRQHandler), (24 bytes).
    Removing stm32f4xx_hal_gpio.o(i.HAL_GPIO_LockPin), (34 bytes).
    Removing stm32f4xx_hal_gpio.o(i.HAL_GPIO_ReadPin), (10 bytes).
    Removing stm32f4xx_hal_gpio.o(i.HAL_GPIO_TogglePin), (8 bytes).
    Removing stm32f4xx_hal_gpio.o(i.HAL_GPIO_WritePin), (10 bytes).
    Removing stm32f4xx_hal_flash_ramfunc.o(.rev16_text), (4 bytes).
    Removing stm32f4xx_hal_flash_ramfunc.o(.revsh_text), (4 bytes).
    Removing stm32f4xx_hal_flash_ramfunc.o(.rrx_text), (6 bytes).
    Removing stm32f4xx_hal_rcc_ex.o(.rev16_text), (4 bytes).
    Removing stm32f4xx_hal_rcc_ex.o(.revsh_text), (4 bytes).
    Removing stm32f4xx_hal_rcc_ex.o(.rrx_text), (6 bytes).
    Removing stm32f4xx_hal_rcc_ex.o(i.HAL_RCCEx_GetPeriphCLKConfig), (80 bytes).
    Removing stm32f4xx_hal_rcc_ex.o(i.HAL_RCCEx_PeriphCLKConfig), (332 bytes).
    Removing stm32f4xx_hal_dma_ex.o(.rev16_text), (4 bytes).
    Removing stm32f4xx_hal_dma_ex.o(.revsh_text), (4 bytes).
    Removing stm32f4xx_hal_dma_ex.o(.rrx_text), (6 bytes).
    Removing stm32f4xx_hal_dma_ex.o(i.DMA_MultiBufferSetConfig), (30 bytes).
    Removing stm32f4xx_hal_dma_ex.o(i.HAL_DMAEx_ChangeMemory), (14 bytes).
    Removing stm32f4xx_hal_dma_ex.o(i.HAL_DMAEx_MultiBufferStart), (92 bytes).
    Removing stm32f4xx_hal_dma_ex.o(i.HAL_DMAEx_MultiBufferStart_IT), (142 bytes).
    Removing stm32f4xx_hal_rcc.o(.rev16_text), (4 bytes).
    Removing stm32f4xx_hal_rcc.o(.revsh_text), (4 bytes).
    Removing stm32f4xx_hal_rcc.o(.rrx_text), (6 bytes).
    Removing stm32f4xx_hal_rcc.o(i.HAL_RCC_CSSCallback), (2 bytes).
    Removing stm32f4xx_hal_rcc.o(i.HAL_RCC_ClockConfig), (524 bytes).
    Removing stm32f4xx_hal_rcc.o(i.HAL_RCC_DeInit), (88 bytes).
    Removing stm32f4xx_hal_rcc.o(i.HAL_RCC_DisableCSS), (12 bytes).
    Removing stm32f4xx_hal_rcc.o(i.HAL_RCC_EnableCSS), (12 bytes).
    Removing stm32f4xx_hal_rcc.o(i.HAL_RCC_GetClockConfig), (64 bytes).
    Removing stm32f4xx_hal_rcc.o(i.HAL_RCC_GetOscConfig), (224 bytes).
    Removing stm32f4xx_hal_rcc.o(i.HAL_RCC_MCOConfig), (140 bytes).
    Removing stm32f4xx_hal_rcc.o(i.HAL_RCC_NMI_IRQHandler), (28 bytes).
    Removing stm32f4xx_hal_flash_ex.o(.rev16_text), (4 bytes).
    Removing stm32f4xx_hal_flash_ex.o(.revsh_text), (4 bytes).
    Removing stm32f4xx_hal_flash_ex.o(.rrx_text), (6 bytes).
    Removing stm32f4xx_hal_flash_ex.o(i.FLASH_Erase_Sector), (88 bytes).
    Removing stm32f4xx_hal_flash_ex.o(i.FLASH_MassErase), (36 bytes).
    Removing stm32f4xx_hal_flash_ex.o(i.HAL_FLASHEx_Erase), (148 bytes).
    Removing stm32f4xx_hal_flash_ex.o(i.HAL_FLASHEx_Erase_IT), (104 bytes).
    Removing stm32f4xx_hal_flash_ex.o(i.HAL_FLASHEx_OBGetConfig), (64 bytes).
    Removing stm32f4xx_hal_flash_ex.o(i.HAL_FLASHEx_OBProgram), (204 bytes).
    Removing stm32f4xx_hal_pwr_ex.o(.rev16_text), (4 bytes).
    Removing stm32f4xx_hal_pwr_ex.o(.revsh_text), (4 bytes).
    Removing stm32f4xx_hal_pwr_ex.o(.rrx_text), (6 bytes).
    Removing stm32f4xx_hal_pwr_ex.o(i.HAL_PWREx_ControlVoltageScaling), (88 bytes).
    Removing stm32f4xx_hal_pwr_ex.o(i.HAL_PWREx_DisableBkUpReg), (76 bytes).
    Removing stm32f4xx_hal_pwr_ex.o(i.HAL_PWREx_DisableFlashPowerDown), (28 bytes).
    Removing stm32f4xx_hal_pwr_ex.o(i.HAL_PWREx_EnableBkUpReg), (76 bytes).
    Removing stm32f4xx_hal_pwr_ex.o(i.HAL_PWREx_EnableFlashPowerDown), (24 bytes).
    Removing stm32f4xx_hal_pwr_ex.o(i.HAL_PWREx_GetVoltageRange), (16 bytes).
    Removing stm32f4xx_hal_pwr.o(.rev16_text), (4 bytes).
    Removing stm32f4xx_hal_pwr.o(.revsh_text), (4 bytes).
    Removing stm32f4xx_hal_pwr.o(.rrx_text), (6 bytes).
    Removing stm32f4xx_hal_pwr.o(i.HAL_PWR_ConfigPVD), (124 bytes).
    Removing stm32f4xx_hal_pwr.o(i.HAL_PWR_DeInit), (24 bytes).
    Removing stm32f4xx_hal_pwr.o(i.HAL_PWR_DisableBkUpAccess), (28 bytes).
    Removing stm32f4xx_hal_pwr.o(i.HAL_PWR_DisablePVD), (24 bytes).
    Removing stm32f4xx_hal_pwr.o(i.HAL_PWR_DisableSEVOnPend), (16 bytes).
    Removing stm32f4xx_hal_pwr.o(i.HAL_PWR_DisableSleepOnExit), (16 bytes).
    Removing stm32f4xx_hal_pwr.o(i.HAL_PWR_DisableWakeUpPin), (16 bytes).
    Removing stm32f4xx_hal_pwr.o(i.HAL_PWR_EnableBkUpAccess), (24 bytes).
    Removing stm32f4xx_hal_pwr.o(i.HAL_PWR_EnablePVD), (24 bytes).
    Removing stm32f4xx_hal_pwr.o(i.HAL_PWR_EnableSEVOnPend), (16 bytes).
    Removing stm32f4xx_hal_pwr.o(i.HAL_PWR_EnableSleepOnExit), (16 bytes).
    Removing stm32f4xx_hal_pwr.o(i.HAL_PWR_EnableWakeUpPin), (16 bytes).
    Removing stm32f4xx_hal_pwr.o(i.HAL_PWR_EnterSLEEPMode), (32 bytes).
    Removing stm32f4xx_hal_pwr.o(i.HAL_PWR_EnterSTANDBYMode), (32 bytes).
    Removing stm32f4xx_hal_pwr.o(i.HAL_PWR_EnterSTOPMode), (56 bytes).
    Removing stm32f4xx_hal_pwr.o(i.HAL_PWR_PVDCallback), (2 bytes).
    Removing stm32f4xx_hal_pwr.o(i.HAL_PWR_PVD_IRQHandler), (28 bytes).
    Removing stm32f4xx_ll_sdmmc.o(.rev16_text), (4 bytes).
    Removing stm32f4xx_ll_sdmmc.o(.revsh_text), (4 bytes).
    Removing stm32f4xx_ll_sdmmc.o(.rrx_text), (6 bytes).
    Removing stm32f4xx_ll_sdmmc.o(i.SDIO_GetDataCounter), (4 bytes).
    Removing stm32f4xx_ll_sdmmc.o(i.SDIO_GetFIFOCount), (6 bytes).
    Removing stm32f4xx_ll_sdmmc.o(i.SDIO_PowerState_OFF), (8 bytes).
    Removing stm32f4xx_ll_sdmmc.o(i.SDIO_SetSDIOReadWaitMode), (12 bytes).
    Removing stm32f4xx_hal_sd.o(.rev16_text), (4 bytes).
    Removing stm32f4xx_hal_sd.o(.revsh_text), (4 bytes).
    Removing stm32f4xx_hal_sd.o(.rrx_text), (6 bytes).
    Removing stm32f4xx_hal_sd.o(i.HAL_SD_CheckReadOperation), (94 bytes).
    Removing stm32f4xx_hal_sd.o(i.HAL_SD_CheckWriteOperation), (108 bytes).
    Removing stm32f4xx_hal_sd.o(i.HAL_SD_DMA_RxCpltCallback), (2 bytes).
    Removing stm32f4xx_hal_sd.o(i.HAL_SD_DMA_RxErrorCallback), (2 bytes).
    Removing stm32f4xx_hal_sd.o(i.HAL_SD_DMA_TxCpltCallback), (2 bytes).
    Removing stm32f4xx_hal_sd.o(i.HAL_SD_DMA_TxErrorCallback), (2 bytes).
    Removing stm32f4xx_hal_sd.o(i.HAL_SD_DeInit), (20 bytes).
    Removing stm32f4xx_hal_sd.o(i.HAL_SD_Erase), (248 bytes).
    Removing stm32f4xx_hal_sd.o(i.HAL_SD_GetCardStatus), (114 bytes).
    Removing stm32f4xx_hal_sd.o(i.HAL_SD_HighSpeed), (304 bytes).
    Removing stm32f4xx_hal_sd.o(i.HAL_SD_IRQHandler), (124 bytes).
    Removing stm32f4xx_hal_sd.o(i.HAL_SD_MspDeInit), (2 bytes).
    Removing stm32f4xx_hal_sd.o(i.HAL_SD_MspInit), (2 bytes).
    Removing stm32f4xx_hal_sd.o(i.HAL_SD_ReadBlocks_DMA), (240 bytes).
    Removing stm32f4xx_hal_sd.o(i.HAL_SD_SendSDStatus), (296 bytes).
    Removing stm32f4xx_hal_sd.o(i.HAL_SD_WriteBlocks_DMA), (244 bytes).
    Removing stm32f4xx_hal_sd.o(i.HAL_SD_XferCpltCallback), (2 bytes).
    Removing stm32f4xx_hal_sd.o(i.HAL_SD_XferErrorCallback), (2 bytes).
    Removing stm32f4xx_hal_sd.o(i.SD_DMA_RxCplt), (26 bytes).
    Removing stm32f4xx_hal_sd.o(i.SD_DMA_RxError), (12 bytes).
    Removing stm32f4xx_hal_sd.o(i.SD_DMA_TxCplt), (26 bytes).
    Removing stm32f4xx_hal_sd.o(i.SD_DMA_TxError), (12 bytes).
    Removing stm32f4xx_hal.o(.rev16_text), (4 bytes).
    Removing stm32f4xx_hal.o(.revsh_text), (4 bytes).
    Removing stm32f4xx_hal.o(.rrx_text), (6 bytes).
    Removing stm32f4xx_hal.o(i.HAL_DBGMCU_DisableDBGSleepMode), (16 bytes).
    Removing stm32f4xx_hal.o(i.HAL_DBGMCU_DisableDBGStandbyMode), (16 bytes).
    Removing stm32f4xx_hal.o(i.HAL_DBGMCU_DisableDBGStopMode), (16 bytes).
    Removing stm32f4xx_hal.o(i.HAL_DBGMCU_EnableDBGSleepMode), (16 bytes).
    Removing stm32f4xx_hal.o(i.HAL_DBGMCU_EnableDBGStandbyMode), (16 bytes).
    Removing stm32f4xx_hal.o(i.HAL_DBGMCU_EnableDBGStopMode), (16 bytes).
    Removing stm32f4xx_hal.o(i.HAL_DeInit), (52 bytes).
    Removing stm32f4xx_hal.o(i.HAL_DisableCompensationCell), (28 bytes).
    Removing stm32f4xx_hal.o(i.HAL_EnableCompensationCell), (28 bytes).
    Removing stm32f4xx_hal.o(i.HAL_GetDEVID), (16 bytes).
    Removing stm32f4xx_hal.o(i.HAL_GetHalVersion), (8 bytes).
    Removing stm32f4xx_hal.o(i.HAL_GetREVID), (12 bytes).
    Removing stm32f4xx_hal.o(i.HAL_MspDeInit), (2 bytes).
    Removing stm32f4xx_hal.o(i.HAL_MspInit), (2 bytes).
    Removing stm32f4xx_hal.o(i.HAL_ResumeTick), (14 bytes).
    Removing stm32f4xx_hal.o(i.HAL_SuspendTick), (14 bytes).
    Removing stm32f4xx_hal_cortex.o(.rev16_text), (4 bytes).
    Removing stm32f4xx_hal_cortex.o(.revsh_text), (4 bytes).
    Removing stm32f4xx_hal_cortex.o(.rrx_text), (6 bytes).
    Removing stm32f4xx_hal_cortex.o(i.HAL_NVIC_ClearPendingIRQ), (22 bytes).
    Removing stm32f4xx_hal_cortex.o(i.HAL_NVIC_DisableIRQ), (22 bytes).
    Removing stm32f4xx_hal_cortex.o(i.HAL_NVIC_EnableIRQ), (22 bytes).
    Removing stm32f4xx_hal_cortex.o(i.HAL_NVIC_GetActive), (32 bytes).
    Removing stm32f4xx_hal_cortex.o(i.HAL_NVIC_GetPendingIRQ), (32 bytes).
    Removing stm32f4xx_hal_cortex.o(i.HAL_NVIC_GetPriority), (82 bytes).
    Removing stm32f4xx_hal_cortex.o(i.HAL_NVIC_GetPriorityGrouping), (16 bytes).
    Removing stm32f4xx_hal_cortex.o(i.HAL_NVIC_SetPendingIRQ), (22 bytes).
    Removing stm32f4xx_hal_cortex.o(i.HAL_NVIC_SystemReset), (32 bytes).
    Removing stm32f4xx_hal_flash.o(.rev16_text), (4 bytes).
    Removing stm32f4xx_hal_flash.o(.revsh_text), (4 bytes).
    Removing stm32f4xx_hal_flash.o(.rrx_text), (6 bytes).
    Removing stm32f4xx_hal_flash.o(i.FLASH_Program_Byte), (32 bytes).
    Removing stm32f4xx_hal_flash.o(i.FLASH_Program_DoubleWord), (40 bytes).
    Removing stm32f4xx_hal_flash.o(i.FLASH_Program_HalfWord), (36 bytes).
    Removing stm32f4xx_hal_flash.o(i.FLASH_Program_Word), (36 bytes).
    Removing stm32f4xx_hal_flash.o(i.FLASH_SetErrorCode), (100 bytes).
    Removing stm32f4xx_hal_flash.o(i.FLASH_WaitForLastOperation), (72 bytes).
    Removing stm32f4xx_hal_flash.o(i.HAL_FLASH_EndOfOperationCallback), (2 bytes).
    Removing stm32f4xx_hal_flash.o(i.HAL_FLASH_GetError), (12 bytes).
    Removing stm32f4xx_hal_flash.o(i.HAL_FLASH_IRQHandler), (260 bytes).
    Removing stm32f4xx_hal_flash.o(i.HAL_FLASH_Lock), (20 bytes).
    Removing stm32f4xx_hal_flash.o(i.HAL_FLASH_OB_Launch), (24 bytes).
    Removing stm32f4xx_hal_flash.o(i.HAL_FLASH_OB_Lock), (20 bytes).
    Removing stm32f4xx_hal_flash.o(i.HAL_FLASH_OB_Unlock), (40 bytes).
    Removing stm32f4xx_hal_flash.o(i.HAL_FLASH_OperationErrorCallback), (2 bytes).
    Removing stm32f4xx_hal_flash.o(i.HAL_FLASH_Program), (124 bytes).
    Removing stm32f4xx_hal_flash.o(i.HAL_FLASH_Program_IT), (116 bytes).
    Removing stm32f4xx_hal_flash.o(i.HAL_FLASH_Unlock), (40 bytes).
    Removing stm32f4xx_hal_flash.o(.bss), (32 bytes).
    Removing stm32f4xx_hal_dma.o(.rev16_text), (4 bytes).
    Removing stm32f4xx_hal_dma.o(.revsh_text), (4 bytes).
    Removing stm32f4xx_hal_dma.o(.rrx_text), (6 bytes).
    Removing stm32f4xx_hal_dma.o(i.DMA_SetConfig), (40 bytes).
    Removing stm32f4xx_hal_dma.o(i.HAL_DMA_Abort), (84 bytes).
    Removing stm32f4xx_hal_dma.o(i.HAL_DMA_DeInit), (2508 bytes).
    Removing stm32f4xx_hal_dma.o(i.HAL_DMA_GetError), (4 bytes).
    Removing stm32f4xx_hal_dma.o(i.HAL_DMA_GetState), (6 bytes).
    Removing stm32f4xx_hal_dma.o(i.HAL_DMA_IRQHandler), (3948 bytes).
    Removing stm32f4xx_hal_dma.o(i.HAL_DMA_Init), (112 bytes).
    Removing stm32f4xx_hal_dma.o(i.HAL_DMA_PollForTransfer), (4748 bytes).
    Removing stm32f4xx_hal_dma.o(i.HAL_DMA_Start), (58 bytes).
    Removing stm32f4xx_hal_dma.o(i.HAL_DMA_Start_IT), (108 bytes).
    Removing main.o(.rev16_text), (4 bytes).
    Removing main.o(.revsh_text), (4 bytes).
    Removing main.o(.rrx_text), (6 bytes).
    Removing main.o(.bss), (32 bytes).
    Removing main.o(.bss), (556 bytes).
    Removing main.o(.bss), (552 bytes).
    Removing main.o(.data), (4 bytes).
    Removing stm32f4xx_it.o(.rev16_text), (4 bytes).
    Removing stm32f4xx_it.o(.revsh_text), (4 bytes).
    Removing stm32f4xx_it.o(.rrx_text), (6 bytes).
    Removing fatfs.o(.rev16_text), (4 bytes).
    Removing fatfs.o(.revsh_text), (4 bytes).
    Removing fatfs.o(.rrx_text), (6 bytes).
    Removing bsp_driver_sd.o(.rev16_text), (4 bytes).
    Removing bsp_driver_sd.o(.revsh_text), (4 bytes).
    Removing bsp_driver_sd.o(.rrx_text), (6 bytes).
    Removing bsp_driver_sd.o(i.BSP_SD_DMA_Rx_IRQHandler), (12 bytes).
    Removing bsp_driver_sd.o(i.BSP_SD_DMA_Tx_IRQHandler), (12 bytes).
    Removing bsp_driver_sd.o(i.BSP_SD_DetectCallback), (2 bytes).
    Removing bsp_driver_sd.o(i.BSP_SD_DetectIT), (2 bytes).
    Removing bsp_driver_sd.o(i.BSP_SD_Erase), (28 bytes).
    Removing bsp_driver_sd.o(i.BSP_SD_IRQHandler), (12 bytes).
    Removing bsp_driver_sd.o(i.BSP_SD_ITConfig), (4 bytes).
    Removing bsp_driver_sd.o(i.BSP_SD_IsDetected), (14 bytes).
    Removing bsp_driver_sd.o(i.BSP_SD_ReadBlocks_DMA), (52 bytes).
    Removing bsp_driver_sd.o(i.BSP_SD_WriteBlocks_DMA), (52 bytes).
    Removing stm32f4xx_hal_msp.o(.rev16_text), (4 bytes).
    Removing stm32f4xx_hal_msp.o(.revsh_text), (4 bytes).
    Removing stm32f4xx_hal_msp.o(.rrx_text), (6 bytes).
    Removing stm32f4xx_hal_msp.o(i.HAL_SD_MspDeInit), (60 bytes).
    Removing stm32f4xx_hal_msp.o(i.HAL_SPI_MspDeInit), (128 bytes).
    Removing stm32f4xx_hal_msp.o(i.HAL_UART_MspDeInit), (44 bytes).
    Removing user_diskio.o(.rev16_text), (4 bytes).
    Removing user_diskio.o(.revsh_text), (4 bytes).
    Removing user_diskio.o(.rrx_text), (6 bytes).
    Removing diskio.o(.rev16_text), (4 bytes).
    Removing diskio.o(.revsh_text), (4 bytes).
    Removing diskio.o(.rrx_text), (6 bytes).
    Removing diskio.o(i.disk_ioctl), (28 bytes).
    Removing diskio.o(i.get_fattime), (4 bytes).
    Removing syscall.o(.rev16_text), (4 bytes).
    Removing syscall.o(.revsh_text), (4 bytes).
    Removing syscall.o(.rrx_text), (6 bytes).
    Removing syscall.o(i.ff_memalloc), (4 bytes).
    Removing syscall.o(i.ff_memfree), (4 bytes).
    Removing sd_diskio.o(.rev16_text), (4 bytes).
    Removing sd_diskio.o(.revsh_text), (4 bytes).
    Removing sd_diskio.o(.rrx_text), (6 bytes).
    Removing ff.o(.rev16_text), (4 bytes).
    Removing ff.o(.revsh_text), (4 bytes).
    Removing ff.o(.rrx_text), (6 bytes).
    Removing ff.o(i.chk_chr), (16 bytes).
    Removing ff.o(i.chk_lock), (108 bytes).
    Removing ff.o(i.clmt_clust), (42 bytes).
    Removing ff.o(i.clust2sect), (30 bytes).
    Removing ff.o(i.create_chain), (176 bytes).
    Removing ff.o(i.create_name), (516 bytes).
    Removing ff.o(i.dec_lock), (60 bytes).
    Removing ff.o(i.dir_find), (324 bytes).
    Removing ff.o(i.dir_next), (286 bytes).
    Removing ff.o(i.dir_read), (264 bytes).
    Removing ff.o(i.dir_register), (464 bytes).
    Removing ff.o(i.dir_remove), (114 bytes).
    Removing ff.o(i.dir_sdi), (152 bytes).
    Removing ff.o(i.f_chmod), (112 bytes).
    Removing ff.o(i.f_close), (42 bytes).
    Removing ff.o(i.f_closedir), (36 bytes).
    Removing ff.o(i.f_getfree), (200 bytes).
    Removing ff.o(i.f_gets), (72 bytes).
    Removing ff.o(i.f_lseek), (644 bytes).
    Removing ff.o(i.f_mkdir), (386 bytes).
    Removing ff.o(i.f_mkfs), (1322 bytes).
    Removing ff.o(i.f_open), (464 bytes).
    Removing ff.o(i.f_opendir), (176 bytes).
    Removing ff.o(i.f_printf), (490 bytes).
    Removing ff.o(i.f_putc), (60 bytes).
    Removing ff.o(i.f_puts), (70 bytes).
    Removing ff.o(i.f_read), (396 bytes).
    Removing ff.o(i.f_readdir), (122 bytes).
    Removing ff.o(i.f_rename), (360 bytes).
    Removing ff.o(i.f_stat), (90 bytes).
    Removing ff.o(i.f_sync), (184 bytes).
    Removing ff.o(i.f_truncate), (216 bytes).
    Removing ff.o(i.f_unlink), (214 bytes).
    Removing ff.o(i.f_utime), (116 bytes).
    Removing ff.o(i.f_write), (470 bytes).
    Removing ff.o(i.follow_path), (114 bytes).
    Removing ff.o(i.gen_numname), (128 bytes).
    Removing ff.o(i.get_fat), (184 bytes).
    Removing ff.o(i.get_fileinfo), (196 bytes).
    Removing ff.o(i.inc_lock), (160 bytes).
    Removing ff.o(i.ld_clust), (20 bytes).
    Removing ff.o(i.mem_cpy), (18 bytes).
    Removing ff.o(i.mem_set), (14 bytes).
    Removing ff.o(i.put_fat), (254 bytes).
    Removing ff.o(i.putc_bfd), (70 bytes).
    Removing ff.o(i.remove_chain), (110 bytes).
    Removing ff.o(i.st_clust), (16 bytes).
    Removing ff.o(i.sum_sfn), (26 bytes).
    Removing ff.o(i.sync_fs), (182 bytes).
    Removing ff.o(i.validate), (48 bytes).
    Removing ff.o(.constdata), (186 bytes).
    Removing ff_gen_drv.o(.rev16_text), (4 bytes).
    Removing ff_gen_drv.o(.revsh_text), (4 bytes).
    Removing ff_gen_drv.o(.rrx_text), (6 bytes).
    Removing ff_gen_drv.o(i.FATFS_GetAttachedDriversNbr), (12 bytes).
    Removing ff_gen_drv.o(i.FATFS_UnLinkDriver), (48 bytes).
    Removing ccsbcs.o(.rev16_text), (4 bytes).
    Removing ccsbcs.o(.revsh_text), (4 bytes).
    Removing ccsbcs.o(.rrx_text), (6 bytes).
    Removing ccsbcs.o(i.ff_convert), (56 bytes).
    Removing ccsbcs.o(i.ff_wtoupper), (36 bytes).
    Removing ccsbcs.o(.constdata), (1216 bytes).
    Removing system_stm32f4xx.o(.rev16_text), (4 bytes).
    Removing system_stm32f4xx.o(.revsh_text), (4 bytes).
    Removing system_stm32f4xx.o(.rrx_text), (6 bytes).
    Removing system_stm32f4xx.o(i.SystemCoreClockUpdate), (124 bytes).
    Removing system_stm32f4xx.o(.constdata), (16 bytes).

372 unused section(s) (total 40232 bytes) removed from the image.

==============================================================================

Image Symbol Table

    Local Symbols

    Symbol Name                              Value     Ov Type        Size  Object(Section)

    ../clib/microlib/init/entry.s            0x00000000   Number         0  entry7a.o ABSOLUTE
    ../clib/microlib/init/entry.s            0x00000000   Number         0  entry5.o ABSOLUTE
    ../clib/microlib/init/entry.s            0x00000000   Number         0  entry2.o ABSOLUTE
    ../clib/microlib/init/entry.s            0x00000000   Number         0  entry11b.o ABSOLUTE
    ../clib/microlib/init/entry.s            0x00000000   Number         0  entry11a.o ABSOLUTE
    ../clib/microlib/init/entry.s            0x00000000   Number         0  entry10b.o ABSOLUTE
    ../clib/microlib/init/entry.s            0x00000000   Number         0  entry10a.o ABSOLUTE
    ../clib/microlib/init/entry.s            0x00000000   Number         0  entry9b.o ABSOLUTE
    ../clib/microlib/init/entry.s            0x00000000   Number         0  entry9a.o ABSOLUTE
    ../clib/microlib/init/entry.s            0x00000000   Number         0  entry8b.o ABSOLUTE
    ../clib/microlib/init/entry.s            0x00000000   Number         0  entry.o ABSOLUTE
    ../clib/microlib/init/entry.s            0x00000000   Number         0  entry8a.o ABSOLUTE
    ../clib/microlib/init/entry.s            0x00000000   Number         0  entry7b.o ABSOLUTE
    ../clib/microlib/malloc/malloc.c         0x00000000   Number         0  malloc.o ABSOLUTE
    ../clib/microlib/malloc/malloc.c         0x00000000   Number         0  mallocr.o ABSOLUTE
    ../clib/microlib/malloc/malloc.c         0x00000000   Number         0  malloca.o ABSOLUTE
    ../clib/microlib/malloc/malloc.c         0x00000000   Number         0  mallocra.o ABSOLUTE
    ../clib/microlib/malloc/mvars.c          0x00000000   Number         0  mvars.o ABSOLUTE
    ../clib/microlib/string/memcpy.c         0x00000000   Number         0  memcpyb.o ABSOLUTE
    ../clib/microlib/string/memcpy.c         0x00000000   Number         0  memcpya.o ABSOLUTE
    ../clib/microlib/string/memset.c         0x00000000   Number         0  memseta.o ABSOLUTE
    ..\Drivers\CMSIS\Device\ST\STM32F4xx\Source\Templates\arm\startup_stm32f407xx.s 0x00000000   Number         0  startup_stm32f407xx.o ABSOLUTE
    ..\Drivers\CMSIS\Device\ST\STM32F4xx\Source\Templates\system_stm32f4xx.c 0x00000000   Number         0  system_stm32f4xx.o ABSOLUTE
    ..\Drivers\STM32F4xx_HAL_Driver\Src\stm32f4xx_hal.c 0x00000000   Number         0  stm32f4xx_hal.o ABSOLUTE
    ..\Drivers\STM32F4xx_HAL_Driver\Src\stm32f4xx_hal_cortex.c 0x00000000   Number         0  stm32f4xx_hal_cortex.o ABSOLUTE
    ..\Drivers\STM32F4xx_HAL_Driver\Src\stm32f4xx_hal_dma.c 0x00000000   Number         0  stm32f4xx_hal_dma.o ABSOLUTE
    ..\Drivers\STM32F4xx_HAL_Driver\Src\stm32f4xx_hal_dma_ex.c 0x00000000   Number         0  stm32f4xx_hal_dma_ex.o ABSOLUTE
    ..\Drivers\STM32F4xx_HAL_Driver\Src\stm32f4xx_hal_flash.c 0x00000000   Number         0  stm32f4xx_hal_flash.o ABSOLUTE
    ..\Drivers\STM32F4xx_HAL_Driver\Src\stm32f4xx_hal_flash_ex.c 0x00000000   Number         0  stm32f4xx_hal_flash_ex.o ABSOLUTE
    ..\Drivers\STM32F4xx_HAL_Driver\Src\stm32f4xx_hal_flash_ramfunc.c 0x00000000   Number         0  stm32f4xx_hal_flash_ramfunc.o ABSOLUTE
    ..\Drivers\STM32F4xx_HAL_Driver\Src\stm32f4xx_hal_gpio.c 0x00000000   Number         0  stm32f4xx_hal_gpio.o ABSOLUTE
    ..\Drivers\STM32F4xx_HAL_Driver\Src\stm32f4xx_hal_pwr.c 0x00000000   Number         0  stm32f4xx_hal_pwr.o ABSOLUTE
    ..\Drivers\STM32F4xx_HAL_Driver\Src\stm32f4xx_hal_pwr_ex.c 0x00000000   Number         0  stm32f4xx_hal_pwr_ex.o ABSOLUTE
    ..\Drivers\STM32F4xx_HAL_Driver\Src\stm32f4xx_hal_rcc.c 0x00000000   Number         0  stm32f4xx_hal_rcc.o ABSOLUTE
    ..\Drivers\STM32F4xx_HAL_Driver\Src\stm32f4xx_hal_rcc_ex.c 0x00000000   Number         0  stm32f4xx_hal_rcc_ex.o ABSOLUTE
    ..\Drivers\STM32F4xx_HAL_Driver\Src\stm32f4xx_hal_sd.c 0x00000000   Number         0  stm32f4xx_hal_sd.o ABSOLUTE
    ..\Drivers\STM32F4xx_HAL_Driver\Src\stm32f4xx_hal_spi.c 0x00000000   Number         0  stm32f4xx_hal_spi.o ABSOLUTE
    ..\Drivers\STM32F4xx_HAL_Driver\Src\stm32f4xx_hal_uart.c 0x00000000   Number         0  stm32f4xx_hal_uart.o ABSOLUTE
    ..\Drivers\STM32F4xx_HAL_Driver\Src\stm32f4xx_ll_sdmmc.c 0x00000000   Number         0  stm32f4xx_ll_sdmmc.o ABSOLUTE
    ..\Middlewares\Third_Party\FatFs\src\diskio.c 0x00000000   Number         0  diskio.o ABSOLUTE
    ..\Middlewares\Third_Party\FatFs\src\drivers\sd_diskio.c 0x00000000   Number         0  sd_diskio.o ABSOLUTE
    ..\Middlewares\Third_Party\FatFs\src\ff.c 0x00000000   Number         0  ff.o ABSOLUTE
    ..\Middlewares\Third_Party\FatFs\src\ff_gen_drv.c 0x00000000   Number         0  ff_gen_drv.o ABSOLUTE
    ..\Middlewares\Third_Party\FatFs\src\option\ccsbcs.c 0x00000000   Number         0  ccsbcs.o ABSOLUTE
    ..\Middlewares\Third_Party\FatFs\src\option\syscall.c 0x00000000   Number         0  syscall.o ABSOLUTE
    ..\Src\bsp_driver_sd.c                   0x00000000   Number         0  bsp_driver_sd.o ABSOLUTE
    ..\Src\fatfs.c                           0x00000000   Number         0  fatfs.o ABSOLUTE
    ..\Src\main.c                            0x00000000   Number         0  main.o ABSOLUTE
    ..\Src\stm32f4xx_hal_msp.c               0x00000000   Number         0  stm32f4xx_hal_msp.o ABSOLUTE
    ..\Src\stm32f4xx_it.c                    0x00000000   Number         0  stm32f4xx_it.o ABSOLUTE
    ..\Src\user_diskio.c                     0x00000000   Number         0  user_diskio.o ABSOLUTE
    ..\\Drivers\\CMSIS\\Device\\ST\\STM32F4xx\\Source\\Templates\\system_stm32f4xx.c 0x00000000   Number         0  system_stm32f4xx.o ABSOLUTE
    ..\\Drivers\\STM32F4xx_HAL_Driver\\Src\\stm32f4xx_hal.c 0x00000000   Number         0  stm32f4xx_hal.o ABSOLUTE
    ..\\Drivers\\STM32F4xx_HAL_Driver\\Src\\stm32f4xx_hal_cortex.c 0x00000000   Number         0  stm32f4xx_hal_cortex.o ABSOLUTE
    ..\\Drivers\\STM32F4xx_HAL_Driver\\Src\\stm32f4xx_hal_dma.c 0x00000000   Number         0  stm32f4xx_hal_dma.o ABSOLUTE
    ..\\Drivers\\STM32F4xx_HAL_Driver\\Src\\stm32f4xx_hal_dma_ex.c 0x00000000   Number         0  stm32f4xx_hal_dma_ex.o ABSOLUTE
    ..\\Drivers\\STM32F4xx_HAL_Driver\\Src\\stm32f4xx_hal_flash.c 0x00000000   Number         0  stm32f4xx_hal_flash.o ABSOLUTE
    ..\\Drivers\\STM32F4xx_HAL_Driver\\Src\\stm32f4xx_hal_flash_ex.c 0x00000000   Number         0  stm32f4xx_hal_flash_ex.o ABSOLUTE
    ..\\Drivers\\STM32F4xx_HAL_Driver\\Src\\stm32f4xx_hal_flash_ramfunc.c 0x00000000   Number         0  stm32f4xx_hal_flash_ramfunc.o ABSOLUTE
    ..\\Drivers\\STM32F4xx_HAL_Driver\\Src\\stm32f4xx_hal_gpio.c 0x00000000   Number         0  stm32f4xx_hal_gpio.o ABSOLUTE
    ..\\Drivers\\STM32F4xx_HAL_Driver\\Src\\stm32f4xx_hal_pwr.c 0x00000000   Number         0  stm32f4xx_hal_pwr.o ABSOLUTE
    ..\\Drivers\\STM32F4xx_HAL_Driver\\Src\\stm32f4xx_hal_pwr_ex.c 0x00000000   Number         0  stm32f4xx_hal_pwr_ex.o ABSOLUTE
    ..\\Drivers\\STM32F4xx_HAL_Driver\\Src\\stm32f4xx_hal_rcc.c 0x00000000   Number         0  stm32f4xx_hal_rcc.o ABSOLUTE
    ..\\Drivers\\STM32F4xx_HAL_Driver\\Src\\stm32f4xx_hal_rcc_ex.c 0x00000000   Number         0  stm32f4xx_hal_rcc_ex.o ABSOLUTE
    ..\\Drivers\\STM32F4xx_HAL_Driver\\Src\\stm32f4xx_hal_sd.c 0x00000000   Number         0  stm32f4xx_hal_sd.o ABSOLUTE
    ..\\Drivers\\STM32F4xx_HAL_Driver\\Src\\stm32f4xx_hal_spi.c 0x00000000   Number         0  stm32f4xx_hal_spi.o ABSOLUTE
    ..\\Drivers\\STM32F4xx_HAL_Driver\\Src\\stm32f4xx_hal_uart.c 0x00000000   Number         0  stm32f4xx_hal_uart.o ABSOLUTE
    ..\\Drivers\\STM32F4xx_HAL_Driver\\Src\\stm32f4xx_ll_sdmmc.c 0x00000000   Number         0  stm32f4xx_ll_sdmmc.o ABSOLUTE
    ..\\Middlewares\\Third_Party\\FatFs\\src\\diskio.c 0x00000000   Number         0  diskio.o ABSOLUTE
    ..\\Middlewares\\Third_Party\\FatFs\\src\\drivers\\sd_diskio.c 0x00000000   Number         0  sd_diskio.o ABSOLUTE
    ..\\Middlewares\\Third_Party\\FatFs\\src\\ff.c 0x00000000   Number         0  ff.o ABSOLUTE
    ..\\Middlewares\\Third_Party\\FatFs\\src\\ff_gen_drv.c 0x00000000   Number         0  ff_gen_drv.o ABSOLUTE
    ..\\Middlewares\\Third_Party\\FatFs\\src\\option\\ccsbcs.c 0x00000000   Number         0  ccsbcs.o ABSOLUTE
    ..\\Middlewares\\Third_Party\\FatFs\\src\\option\\syscall.c 0x00000000   Number         0  syscall.o ABSOLUTE
    ..\\Src\\bsp_driver_sd.c                 0x00000000   Number         0  bsp_driver_sd.o ABSOLUTE
    ..\\Src\\fatfs.c                         0x00000000   Number         0  fatfs.o ABSOLUTE
    ..\\Src\\main.c                          0x00000000   Number         0  main.o ABSOLUTE
    ..\\Src\\stm32f4xx_hal_msp.c             0x00000000   Number         0  stm32f4xx_hal_msp.o ABSOLUTE
    ..\\Src\\stm32f4xx_it.c                  0x00000000   Number         0  stm32f4xx_it.o ABSOLUTE
    ..\\Src\\user_diskio.c                   0x00000000   Number         0  user_diskio.o ABSOLUTE
    dc.s                                     0x00000000   Number         0  dc.o ABSOLUTE
    handlers.s                               0x00000000   Number         0  handlers.o ABSOLUTE
    init.s                                   0x00000000   Number         0  init.o ABSOLUTE
    RESET                                    0x08000000   Section      392  startup_stm32f407xx.o(RESET)
    .ARM.Collect$$$$00000000                 0x08000188   Section        0  entry.o(.ARM.Collect$$$$00000000)
    .ARM.Collect$$$$00000001                 0x08000188   Section        4  entry2.o(.ARM.Collect$$$$00000001)
    .ARM.Collect$$$$00000004                 0x0800018c   Section        4  entry5.o(.ARM.Collect$$$$00000004)
    .ARM.Collect$$$$00000008                 0x08000190   Section        0  entry7b.o(.ARM.Collect$$$$00000008)
    .ARM.Collect$$$$0000000A                 0x08000190   Section        0  entry8b.o(.ARM.Collect$$$$0000000A)
    .ARM.Collect$$$$0000000B                 0x08000190   Section        8  entry9a.o(.ARM.Collect$$$$0000000B)
    .ARM.Collect$$$$0000000D                 0x08000198   Section        0  entry10a.o(.ARM.Collect$$$$0000000D)
    .ARM.Collect$$$$0000000F                 0x08000198   Section        0  entry11a.o(.ARM.Collect$$$$0000000F)
    .ARM.Collect$$$$00002712                 0x08000198   Section        4  entry2.o(.ARM.Collect$$$$00002712)
    __lit__00000000                          0x08000198   Data           4  entry2.o(.ARM.Collect$$$$00002712)
    .text                                    0x0800019c   Section       36  startup_stm32f407xx.o(.text)
    $v0                                      0x0800019c   Number         0  startup_stm32f407xx.o(.text)
    .text                                    0x080001c0   Section       36  init.o(.text)
    i.BSP_SD_GetCardInfo                     0x080001e4   Section        0  bsp_driver_sd.o(i.BSP_SD_GetCardInfo)
    i.BSP_SD_GetStatus                       0x080001f0   Section        0  bsp_driver_sd.o(i.BSP_SD_GetStatus)
    i.BSP_SD_Init                            0x080001fc   Section        0  bsp_driver_sd.o(i.BSP_SD_Init)
    i.BSP_SD_ReadBlocks                      0x08000238   Section        0  bsp_driver_sd.o(i.BSP_SD_ReadBlocks)
    i.BSP_SD_WriteBlocks                     0x08000258   Section        0  bsp_driver_sd.o(i.BSP_SD_WriteBlocks)
    i.FATFS_LinkDriver                       0x08000278   Section        0  ff_gen_drv.o(i.FATFS_LinkDriver)
    i.HAL_Delay                              0x080002b0   Section        0  stm32f4xx_hal.o(i.HAL_Delay)
    i.HAL_GPIO_Init                          0x080002c8   Section        0  stm32f4xx_hal_gpio.o(i.HAL_GPIO_Init)
    i.HAL_GetTick                            0x08000488   Section        0  stm32f4xx_hal.o(i.HAL_GetTick)
    i.HAL_IncTick                            0x08000494   Section        0  stm32f4xx_hal.o(i.HAL_IncTick)
    i.HAL_Init                               0x080004a4   Section        0  stm32f4xx_hal.o(i.HAL_Init)
    i.HAL_InitTick                           0x080004d8   Section        0  stm32f4xx_hal.o(i.HAL_InitTick)
    i.HAL_MspInit                            0x080004fa   Section        0  stm32f4xx_hal_msp.o(i.HAL_MspInit)
    i.HAL_NVIC_SetPriority                   0x08000510   Section        0  stm32f4xx_hal_cortex.o(i.HAL_NVIC_SetPriority)
    i.HAL_NVIC_SetPriorityGrouping           0x08000550   Section        0  stm32f4xx_hal_cortex.o(i.HAL_NVIC_SetPriorityGrouping)
    i.HAL_RCC_GetHCLKFreq                    0x08000574   Section        0  stm32f4xx_hal_rcc.o(i.HAL_RCC_GetHCLKFreq)
    i.HAL_RCC_GetPCLK1Freq                   0x080005a8   Section        0  stm32f4xx_hal_rcc.o(i.HAL_RCC_GetPCLK1Freq)
    i.HAL_RCC_GetPCLK2Freq                   0x080005d4   Section        0  stm32f4xx_hal_rcc.o(i.HAL_RCC_GetPCLK2Freq)
    i.HAL_RCC_GetSysClockFreq                0x08000600   Section        0  stm32f4xx_hal_rcc.o(i.HAL_RCC_GetSysClockFreq)
    i.HAL_RCC_OscConfig                      0x08000674   Section        0  stm32f4xx_hal_rcc.o(i.HAL_RCC_OscConfig)
    i.HAL_SD_GetStatus                       0x080009b0   Section        0  stm32f4xx_hal_sd.o(i.HAL_SD_GetStatus)
    i.HAL_SD_Get_CardInfo                    0x080009fe   Section        0  stm32f4xx_hal_sd.o(i.HAL_SD_Get_CardInfo)
    i.HAL_SD_Init                            0x08000cb6   Section        0  stm32f4xx_hal_sd.o(i.HAL_SD_Init)
    i.HAL_SD_MspInit                         0x08000d58   Section        0  stm32f4xx_hal_msp.o(i.HAL_SD_MspInit)
    i.HAL_SD_ReadBlocks                      0x08000db0   Section        0  stm32f4xx_hal_sd.o(i.HAL_SD_ReadBlocks)
    i.HAL_SD_StopTransfer                    0x08000f2c   Section        0  stm32f4xx_hal_sd.o(i.HAL_SD_StopTransfer)
    i.HAL_SD_WideBusOperation_Config         0x08000f58   Section        0  stm32f4xx_hal_sd.o(i.HAL_SD_WideBusOperation_Config)
    i.HAL_SD_WriteBlocks                     0x08000fb8   Section        0  stm32f4xx_hal_sd.o(i.HAL_SD_WriteBlocks)
    i.HAL_SPI_Init                           0x08001190   Section        0  stm32f4xx_hal_spi.o(i.HAL_SPI_Init)
    i.HAL_SPI_MspInit                        0x08001214   Section        0  stm32f4xx_hal_msp.o(i.HAL_SPI_MspInit)
    i.HAL_SYSTICK_CLKSourceConfig            0x080012dc   Section        0  stm32f4xx_hal_cortex.o(i.HAL_SYSTICK_CLKSourceConfig)
    i.HAL_SYSTICK_Callback                   0x080012f4   Section        0  stm32f4xx_hal_cortex.o(i.HAL_SYSTICK_Callback)
    i.HAL_SYSTICK_Config                     0x080012f6   Section        0  stm32f4xx_hal_cortex.o(i.HAL_SYSTICK_Config)
    i.HAL_SYSTICK_IRQHandler                 0x0800131e   Section        0  stm32f4xx_hal_cortex.o(i.HAL_SYSTICK_IRQHandler)
    i.HAL_UART_Init                          0x08001326   Section        0  stm32f4xx_hal_uart.o(i.HAL_UART_Init)
    i.HAL_UART_MspInit                       0x08001384   Section        0  stm32f4xx_hal_msp.o(i.HAL_UART_MspInit)
    i.MX_FATFS_Init                          0x080013d0   Section        0  fatfs.o(i.MX_FATFS_Init)
    i.MX_SPI1_Init                           0x080013f8   Section        0  main.o(i.MX_SPI1_Init)
    MX_SPI1_Init                             0x080013f9   Thumb Code    44  main.o(i.MX_SPI1_Init)
    i.MX_SPI2_Init                           0x0800142c   Section        0  main.o(i.MX_SPI2_Init)
    MX_SPI2_Init                             0x0800142d   Thumb Code    44  main.o(i.MX_SPI2_Init)
    i.MX_SPI3_Init                           0x08001460   Section        0  main.o(i.MX_SPI3_Init)
    MX_SPI3_Init                             0x08001461   Thumb Code    44  main.o(i.MX_SPI3_Init)
    i.NVIC_SetPriority                       0x08001494   Section        0  stm32f4xx_hal_cortex.o(i.NVIC_SetPriority)
    NVIC_SetPriority                         0x08001495   Thumb Code    32  stm32f4xx_hal_cortex.o(i.NVIC_SetPriority)
    i.SDIO_DataConfig                        0x080014b4   Section        0  stm32f4xx_ll_sdmmc.o(i.SDIO_DataConfig)
    i.SDIO_GetCommandResponse                0x080014d8   Section        0  stm32f4xx_ll_sdmmc.o(i.SDIO_GetCommandResponse)
    i.SDIO_GetPowerState                     0x080014de   Section        0  stm32f4xx_ll_sdmmc.o(i.SDIO_GetPowerState)
    i.SDIO_GetResponse                       0x080014e8   Section        0  stm32f4xx_ll_sdmmc.o(i.SDIO_GetResponse)
    i.SDIO_Init                              0x080014f8   Section        0  stm32f4xx_ll_sdmmc.o(i.SDIO_Init)
    i.SDIO_PowerState_ON                     0x0800151c   Section        0  stm32f4xx_ll_sdmmc.o(i.SDIO_PowerState_ON)
    i.SDIO_ReadFIFO                          0x08001524   Section        0  stm32f4xx_ll_sdmmc.o(i.SDIO_ReadFIFO)
    i.SDIO_SendCommand                       0x0800152a   Section        0  stm32f4xx_ll_sdmmc.o(i.SDIO_SendCommand)
    i.SDIO_WriteFIFO                         0x0800154a   Section        0  stm32f4xx_ll_sdmmc.o(i.SDIO_WriteFIFO)
    i.SD_CmdResp1Error                       0x08001554   Section        0  stm32f4xx_hal_sd.o(i.SD_CmdResp1Error)
    SD_CmdResp1Error                         0x08001555   Thumb Code   230  stm32f4xx_hal_sd.o(i.SD_CmdResp1Error)
    i.SD_CmdResp2Error                       0x08001640   Section        0  stm32f4xx_hal_sd.o(i.SD_CmdResp2Error)
    SD_CmdResp2Error                         0x08001641   Thumb Code    46  stm32f4xx_hal_sd.o(i.SD_CmdResp2Error)
    i.SD_CmdResp6Error                       0x0800166e   Section        0  stm32f4xx_hal_sd.o(i.SD_CmdResp6Error)
    SD_CmdResp6Error                         0x0800166f   Thumb Code   114  stm32f4xx_hal_sd.o(i.SD_CmdResp6Error)
    i.SD_CmdResp7Error                       0x080016e0   Section        0  stm32f4xx_hal_sd.o(i.SD_CmdResp7Error)
    SD_CmdResp7Error                         0x080016e1   Thumb Code    64  stm32f4xx_hal_sd.o(i.SD_CmdResp7Error)
    i.SD_FindSCR                             0x08001720   Section        0  stm32f4xx_hal_sd.o(i.SD_FindSCR)
    SD_FindSCR                               0x08001721   Thumb Code   266  stm32f4xx_hal_sd.o(i.SD_FindSCR)
    i.SD_Initialize_Cards                    0x0800182a   Section        0  stm32f4xx_hal_sd.o(i.SD_Initialize_Cards)
    SD_Initialize_Cards                      0x0800182b   Thumb Code   220  stm32f4xx_hal_sd.o(i.SD_Initialize_Cards)
    i.SD_IsCardProgramming                   0x08001908   Section        0  stm32f4xx_hal_sd.o(i.SD_IsCardProgramming)
    SD_IsCardProgramming                     0x08001909   Thumb Code   310  stm32f4xx_hal_sd.o(i.SD_IsCardProgramming)
    i.SD_PowerON                             0x08001a44   Section        0  stm32f4xx_hal_sd.o(i.SD_PowerON)
    SD_PowerON                               0x08001a45   Thumb Code   364  stm32f4xx_hal_sd.o(i.SD_PowerON)
    i.SD_WideBus_Disable                     0x08001bb8   Section        0  stm32f4xx_hal_sd.o(i.SD_WideBus_Disable)
    SD_WideBus_Disable                       0x08001bb9   Thumb Code   114  stm32f4xx_hal_sd.o(i.SD_WideBus_Disable)
    i.SD_WideBus_Enable                      0x08001c2a   Section        0  stm32f4xx_hal_sd.o(i.SD_WideBus_Enable)
    SD_WideBus_Enable                        0x08001c2b   Thumb Code   116  stm32f4xx_hal_sd.o(i.SD_WideBus_Enable)
    i.SD_initialize                          0x08001ca0   Section        0  sd_diskio.o(i.SD_initialize)
    i.SD_ioctl                               0x08001cc0   Section        0  sd_diskio.o(i.SD_ioctl)
    i.SD_read                                0x08001d10   Section        0  sd_diskio.o(i.SD_read)
    i.SD_status                              0x08001d2c   Section        0  sd_diskio.o(i.SD_status)
    i.SD_write                               0x08001d4c   Section        0  sd_diskio.o(i.SD_write)
    i.SysTick_Handler                        0x08001d68   Section        0  stm32f4xx_it.o(i.SysTick_Handler)
    i.SystemClock_Config                     0x08001d78   Section        0  main.o(i.SystemClock_Config)
    i.SystemInit                             0x08001de8   Section        0  system_stm32f4xx.o(i.SystemInit)
    i.UART_SetConfig                         0x08001e3c   Section        0  stm32f4xx_hal_uart.o(i.UART_SetConfig)
    UART_SetConfig                           0x08001e3d   Thumb Code   366  stm32f4xx_hal_uart.o(i.UART_SetConfig)
    i.USER_initialize                        0x08001fb4   Section        0  user_diskio.o(i.USER_initialize)
    i.USER_ioctl                             0x08001fcc   Section        0  user_diskio.o(i.USER_ioctl)
    i.USER_read                              0x08001fd0   Section        0  user_diskio.o(i.USER_read)
    i.USER_status                            0x08001fd4   Section        0  user_diskio.o(i.USER_status)
    i.USER_write                             0x08001fec   Section        0  user_diskio.o(i.USER_write)
    i.__scatterload_copy                     0x08001ff0   Section       14  handlers.o(i.__scatterload_copy)
    i.__scatterload_null                     0x08001ffe   Section        2  handlers.o(i.__scatterload_null)
    i.__scatterload_zeroinit                 0x08002000   Section       14  handlers.o(i.__scatterload_zeroinit)
    i.check_fs                               0x08002010   Section        0  ff.o(i.check_fs)
    check_fs                                 0x08002011   Thumb Code    90  ff.o(i.check_fs)
    i.clear_lock                             0x08002070   Section        0  ff.o(i.clear_lock)
    clear_lock                               0x08002071   Thumb Code    32  ff.o(i.clear_lock)
    i.disk_initialize                        0x08002094   Section        0  diskio.o(i.disk_initialize)
    i.disk_read                              0x080020b8   Section        0  diskio.o(i.disk_read)
    i.disk_status                            0x080020d8   Section        0  diskio.o(i.disk_status)
    i.disk_write                             0x080020e8   Section        0  diskio.o(i.disk_write)
    i.f_mount                                0x08002108   Section        0  ff.o(i.f_mount)
    i.find_volume                            0x08002164   Section        0  ff.o(i.find_volume)
    find_volume                              0x08002165   Thumb Code   588  ff.o(i.find_volume)
    i.get_ldnumber                           0x080023bc   Section        0  ff.o(i.get_ldnumber)
    get_ldnumber                             0x080023bd   Thumb Code    60  ff.o(i.get_ldnumber)
    i.main                                   0x080023f8   Section        0  main.o(i.main)
    i.move_window                            0x080024b4   Section        0  ff.o(i.move_window)
    move_window                              0x080024b5   Thumb Code    50  ff.o(i.move_window)
    i.sync_window                            0x080024e6   Section        0  ff.o(i.sync_window)
    sync_window                              0x080024e7   Thumb Code    90  ff.o(i.sync_window)
    .constdata                               0x08002540   Section       16  stm32f4xx_hal_rcc.o(.constdata)
    .constdata                               0x08002550   Section        1  main.o(.constdata)
    .data                                    0x20000000   Section        4  stm32f4xx_hal.o(.data)
    uwTick                                   0x20000000   Data           4  stm32f4xx_hal.o(.data)
    .data                                    0x20000004   Section        1  main.o(.data)
    .data                                    0x20000005   Section       10  fatfs.o(.data)
    .data                                    0x2000000f   Section        1  user_diskio.o(.data)
    Stat                                     0x2000000f   Data           1  user_diskio.o(.data)
    .data                                    0x20000010   Section       20  user_diskio.o(.data)
    .data                                    0x20000024   Section        1  sd_diskio.o(.data)
    Stat                                     0x20000024   Data           1  sd_diskio.o(.data)
    .data                                    0x20000028   Section       20  sd_diskio.o(.data)
    .data                                    0x2000003c   Section       12  ff.o(.data)
    Fsid                                     0x2000003c   Data           2  ff.o(.data)
    FatFs                                    0x20000040   Data           8  ff.o(.data)
    .data                                    0x20000048   Section        4  system_stm32f4xx.o(.data)
    .bss                                     0x2000004c   Section      984  main.o(.bss)
    .bss                                     0x20000428   Section       88  main.o(.bss)
    .bss                                     0x20000480   Section       24  ff.o(.bss)
    Files                                    0x20000480   Data          24  ff.o(.bss)
    .bss                                     0x20000498   Section       16  ff_gen_drv.o(.bss)
    STACK                                    0x200004a8   Section     1024  startup_stm32f407xx.o(STACK)

    Global Symbols

    Symbol Name                              Value     Ov Type        Size  Object(Section)

    BuildAttributes$$THM_ISAv4$E$P$D$K$B$S$7EM$VFPi3$EXTD16$VFPS$VFMA$PE$A:L22UL41UL21$X:L11$S22US41US21$IEEE1$IW$USESV6$~STKCKD$USESV7$~SHL$OSPACE$EBA8$MICROLIB$REQ8$PRES8$EABIv2 0x00000000   Number         0  anon$$obj.o ABSOLUTE
    __ARM_use_no_argv                        0x00000000   Number         0  main.o ABSOLUTE
    __cpp_initialize__aeabi_                  - Undefined Weak Reference
    __cxa_finalize                            - Undefined Weak Reference
    __decompress                              - Undefined Weak Reference
    _clock_init                               - Undefined Weak Reference
    _microlib_exit                            - Undefined Weak Reference
    __Vectors_Size                           0x00000188   Number         0  startup_stm32f407xx.o ABSOLUTE
    __Vectors                                0x08000000   Data           4  startup_stm32f407xx.o(RESET)
    __Vectors_End                            0x08000188   Data           0  startup_stm32f407xx.o(RESET)
    __main                                   0x08000189   Thumb Code     0  entry.o(.ARM.Collect$$$$00000000)
    _main_stk                                0x08000189   Thumb Code     0  entry2.o(.ARM.Collect$$$$00000001)
    _main_scatterload                        0x0800018d   Thumb Code     0  entry5.o(.ARM.Collect$$$$00000004)
    __main_after_scatterload                 0x08000191   Thumb Code     0  entry5.o(.ARM.Collect$$$$00000004)
    _main_clock                              0x08000191   Thumb Code     0  entry7b.o(.ARM.Collect$$$$00000008)
    _main_cpp_init                           0x08000191   Thumb Code     0  entry8b.o(.ARM.Collect$$$$0000000A)
    _main_init                               0x08000191   Thumb Code     0  entry9a.o(.ARM.Collect$$$$0000000B)
    __rt_final_cpp                           0x08000199   Thumb Code     0  entry10a.o(.ARM.Collect$$$$0000000D)
    __rt_final_exit                          0x08000199   Thumb Code     0  entry11a.o(.ARM.Collect$$$$0000000F)
    Reset_Handler                            0x0800019d   Thumb Code     8  startup_stm32f407xx.o(.text)
    NMI_Handler                              0x080001a5   Thumb Code     2  startup_stm32f407xx.o(.text)
    HardFault_Handler                        0x080001a7   Thumb Code     2  startup_stm32f407xx.o(.text)
    MemManage_Handler                        0x080001a9   Thumb Code     2  startup_stm32f407xx.o(.text)
    BusFault_Handler                         0x080001ab   Thumb Code     2  startup_stm32f407xx.o(.text)
    UsageFault_Handler                       0x080001ad   Thumb Code     2  startup_stm32f407xx.o(.text)
    SVC_Handler                              0x080001af   Thumb Code     2  startup_stm32f407xx.o(.text)
    DebugMon_Handler                         0x080001b1   Thumb Code     2  startup_stm32f407xx.o(.text)
    PendSV_Handler                           0x080001b3   Thumb Code     2  startup_stm32f407xx.o(.text)
    ADC_IRQHandler                           0x080001b7   Thumb Code     0  startup_stm32f407xx.o(.text)
    CAN1_RX0_IRQHandler                      0x080001b7   Thumb Code     0  startup_stm32f407xx.o(.text)
    CAN1_RX1_IRQHandler                      0x080001b7   Thumb Code     0  startup_stm32f407xx.o(.text)
    CAN1_SCE_IRQHandler                      0x080001b7   Thumb Code     0  startup_stm32f407xx.o(.text)
    CAN1_TX_IRQHandler                       0x080001b7   Thumb Code     0  startup_stm32f407xx.o(.text)
    CAN2_RX0_IRQHandler                      0x080001b7   Thumb Code     0  startup_stm32f407xx.o(.text)
    CAN2_RX1_IRQHandler                      0x080001b7   Thumb Code     0  startup_stm32f407xx.o(.text)
    CAN2_SCE_IRQHandler                      0x080001b7   Thumb Code     0  startup_stm32f407xx.o(.text)
    CAN2_TX_IRQHandler                       0x080001b7   Thumb Code     0  startup_stm32f407xx.o(.text)
    DCMI_IRQHandler                          0x080001b7   Thumb Code     0  startup_stm32f407xx.o(.text)
    DMA1_Stream0_IRQHandler                  0x080001b7   Thumb Code     0  startup_stm32f407xx.o(.text)
    DMA1_Stream1_IRQHandler                  0x080001b7   Thumb Code     0  startup_stm32f407xx.o(.text)
    DMA1_Stream2_IRQHandler                  0x080001b7   Thumb Code     0  startup_stm32f407xx.o(.text)
    DMA1_Stream3_IRQHandler                  0x080001b7   Thumb Code     0  startup_stm32f407xx.o(.text)
    DMA1_Stream4_IRQHandler                  0x080001b7   Thumb Code     0  startup_stm32f407xx.o(.text)
    DMA1_Stream5_IRQHandler                  0x080001b7   Thumb Code     0  startup_stm32f407xx.o(.text)
    DMA1_Stream6_IRQHandler                  0x080001b7   Thumb Code     0  startup_stm32f407xx.o(.text)
    DMA1_Stream7_IRQHandler                  0x080001b7   Thumb Code     0  startup_stm32f407xx.o(.text)
    DMA2_Stream0_IRQHandler                  0x080001b7   Thumb Code     0  startup_stm32f407xx.o(.text)
    DMA2_Stream1_IRQHandler                  0x080001b7   Thumb Code     0  startup_stm32f407xx.o(.text)
    DMA2_Stream2_IRQHandler                  0x080001b7   Thumb Code     0  startup_stm32f407xx.o(.text)
    DMA2_Stream3_IRQHandler                  0x080001b7   Thumb Code     0  startup_stm32f407xx.o(.text)
    DMA2_Stream4_IRQHandler                  0x080001b7   Thumb Code     0  startup_stm32f407xx.o(.text)
    DMA2_Stream5_IRQHandler                  0x080001b7   Thumb Code     0  startup_stm32f407xx.o(.text)
    DMA2_Stream6_IRQHandler                  0x080001b7   Thumb Code     0  startup_stm32f407xx.o(.text)
    DMA2_Stream7_IRQHandler                  0x080001b7   Thumb Code     0  startup_stm32f407xx.o(.text)
    ETH_IRQHandler                           0x080001b7   Thumb Code     0  startup_stm32f407xx.o(.text)
    ETH_WKUP_IRQHandler                      0x080001b7   Thumb Code     0  startup_stm32f407xx.o(.text)
    EXTI0_IRQHandler                         0x080001b7   Thumb Code     0  startup_stm32f407xx.o(.text)
    EXTI15_10_IRQHandler                     0x080001b7   Thumb Code     0  startup_stm32f407xx.o(.text)
    EXTI1_IRQHandler                         0x080001b7   Thumb Code     0  startup_stm32f407xx.o(.text)
    EXTI2_IRQHandler                         0x080001b7   Thumb Code     0  startup_stm32f407xx.o(.text)
    EXTI3_IRQHandler                         0x080001b7   Thumb Code     0  startup_stm32f407xx.o(.text)
    EXTI4_IRQHandler                         0x080001b7   Thumb Code     0  startup_stm32f407xx.o(.text)
    EXTI9_5_IRQHandler                       0x080001b7   Thumb Code     0  startup_stm32f407xx.o(.text)
    FLASH_IRQHandler                         0x080001b7   Thumb Code     0  startup_stm32f407xx.o(.text)
    FMC_IRQHandler                           0x080001b7   Thumb Code     0  startup_stm32f407xx.o(.text)
    FPU_IRQHandler                           0x080001b7   Thumb Code     0  startup_stm32f407xx.o(.text)
    HASH_RNG_IRQHandler                      0x080001b7   Thumb Code     0  startup_stm32f407xx.o(.text)
    I2C1_ER_IRQHandler                       0x080001b7   Thumb Code     0  startup_stm32f407xx.o(.text)
    I2C1_EV_IRQHandler                       0x080001b7   Thumb Code     0  startup_stm32f407xx.o(.text)
    I2C2_ER_IRQHandler                       0x080001b7   Thumb Code     0  startup_stm32f407xx.o(.text)
    I2C2_EV_IRQHandler                       0x080001b7   Thumb Code     0  startup_stm32f407xx.o(.text)
    I2C3_ER_IRQHandler                       0x080001b7   Thumb Code     0  startup_stm32f407xx.o(.text)
    I2C3_EV_IRQHandler                       0x080001b7   Thumb Code     0  startup_stm32f407xx.o(.text)
    OTG_FS_IRQHandler                        0x080001b7   Thumb Code     0  startup_stm32f407xx.o(.text)
    OTG_FS_WKUP_IRQHandler                   0x080001b7   Thumb Code     0  startup_stm32f407xx.o(.text)
    OTG_HS_EP1_IN_IRQHandler                 0x080001b7   Thumb Code     0  startup_stm32f407xx.o(.text)
    OTG_HS_EP1_OUT_IRQHandler                0x080001b7   Thumb Code     0  startup_stm32f407xx.o(.text)
    OTG_HS_IRQHandler                        0x080001b7   Thumb Code     0  startup_stm32f407xx.o(.text)
    OTG_HS_WKUP_IRQHandler                   0x080001b7   Thumb Code     0  startup_stm32f407xx.o(.text)
    PVD_IRQHandler                           0x080001b7   Thumb Code     0  startup_stm32f407xx.o(.text)
    RCC_IRQHandler                           0x080001b7   Thumb Code     0  startup_stm32f407xx.o(.text)
    RTC_Alarm_IRQHandler                     0x080001b7   Thumb Code     0  startup_stm32f407xx.o(.text)
    RTC_WKUP_IRQHandler                      0x080001b7   Thumb Code     0  startup_stm32f407xx.o(.text)
    SDIO_IRQHandler                          0x080001b7   Thumb Code     0  startup_stm32f407xx.o(.text)
    SPI1_IRQHandler                          0x080001b7   Thumb Code     0  startup_stm32f407xx.o(.text)
    SPI2_IRQHandler                          0x080001b7   Thumb Code     0  startup_stm32f407xx.o(.text)
    SPI3_IRQHandler                          0x080001b7   Thumb Code     0  startup_stm32f407xx.o(.text)
    TAMP_STAMP_IRQHandler                    0x080001b7   Thumb Code     0  startup_stm32f407xx.o(.text)
    TIM1_BRK_TIM9_IRQHandler                 0x080001b7   Thumb Code     0  startup_stm32f407xx.o(.text)
    TIM1_CC_IRQHandler                       0x080001b7   Thumb Code     0  startup_stm32f407xx.o(.text)
    TIM1_TRG_COM_TIM11_IRQHandler            0x080001b7   Thumb Code     0  startup_stm32f407xx.o(.text)
    TIM1_UP_TIM10_IRQHandler                 0x080001b7   Thumb Code     0  startup_stm32f407xx.o(.text)
    TIM2_IRQHandler                          0x080001b7   Thumb Code     0  startup_stm32f407xx.o(.text)
    TIM3_IRQHandler                          0x080001b7   Thumb Code     0  startup_stm32f407xx.o(.text)
    TIM4_IRQHandler                          0x080001b7   Thumb Code     0  startup_stm32f407xx.o(.text)
    TIM5_IRQHandler                          0x080001b7   Thumb Code     0  startup_stm32f407xx.o(.text)
    TIM6_DAC_IRQHandler                      0x080001b7   Thumb Code     0  startup_stm32f407xx.o(.text)
    TIM7_IRQHandler                          0x080001b7   Thumb Code     0  startup_stm32f407xx.o(.text)
    TIM8_BRK_TIM12_IRQHandler                0x080001b7   Thumb Code     0  startup_stm32f407xx.o(.text)
    TIM8_CC_IRQHandler                       0x080001b7   Thumb Code     0  startup_stm32f407xx.o(.text)
    TIM8_TRG_COM_TIM14_IRQHandler            0x080001b7   Thumb Code     0  startup_stm32f407xx.o(.text)
    TIM8_UP_TIM13_IRQHandler                 0x080001b7   Thumb Code     0  startup_stm32f407xx.o(.text)
    UART4_IRQHandler                         0x080001b7   Thumb Code     0  startup_stm32f407xx.o(.text)
    UART5_IRQHandler                         0x080001b7   Thumb Code     0  startup_stm32f407xx.o(.text)
    USART1_IRQHandler                        0x080001b7   Thumb Code     0  startup_stm32f407xx.o(.text)
    USART2_IRQHandler                        0x080001b7   Thumb Code     0  startup_stm32f407xx.o(.text)
    USART3_IRQHandler                        0x080001b7   Thumb Code     0  startup_stm32f407xx.o(.text)
    USART6_IRQHandler                        0x080001b7   Thumb Code     0  startup_stm32f407xx.o(.text)
    WWDG_IRQHandler                          0x080001b7   Thumb Code     0  startup_stm32f407xx.o(.text)
    __scatterload                            0x080001c1   Thumb Code    28  init.o(.text)
    __scatterload_rt2                        0x080001c1   Thumb Code     0  init.o(.text)
    BSP_SD_GetCardInfo                       0x080001e5   Thumb Code     8  bsp_driver_sd.o(i.BSP_SD_GetCardInfo)
    BSP_SD_GetStatus                         0x080001f1   Thumb Code     6  bsp_driver_sd.o(i.BSP_SD_GetStatus)
    BSP_SD_Init                              0x080001fd   Thumb Code    50  bsp_driver_sd.o(i.BSP_SD_Init)
    BSP_SD_ReadBlocks                        0x08000239   Thumb Code    26  bsp_driver_sd.o(i.BSP_SD_ReadBlocks)
    BSP_SD_WriteBlocks                       0x08000259   Thumb Code    26  bsp_driver_sd.o(i.BSP_SD_WriteBlocks)
    FATFS_LinkDriver                         0x08000279   Thumb Code    52  ff_gen_drv.o(i.FATFS_LinkDriver)
    HAL_Delay                                0x080002b1   Thumb Code    22  stm32f4xx_hal.o(i.HAL_Delay)
    HAL_GPIO_Init                            0x080002c9   Thumb Code   398  stm32f4xx_hal_gpio.o(i.HAL_GPIO_Init)
    HAL_GetTick                              0x08000489   Thumb Code     6  stm32f4xx_hal.o(i.HAL_GetTick)
    HAL_IncTick                              0x08000495   Thumb Code    10  stm32f4xx_hal.o(i.HAL_IncTick)
    HAL_Init                                 0x080004a5   Thumb Code    48  stm32f4xx_hal.o(i.HAL_Init)
    HAL_InitTick                             0x080004d9   Thumb Code    34  stm32f4xx_hal.o(i.HAL_InitTick)
    HAL_MspInit                              0x080004fb   Thumb Code    22  stm32f4xx_hal_msp.o(i.HAL_MspInit)
    HAL_NVIC_SetPriority                     0x08000511   Thumb Code    60  stm32f4xx_hal_cortex.o(i.HAL_NVIC_SetPriority)
    HAL_NVIC_SetPriorityGrouping             0x08000551   Thumb Code    26  stm32f4xx_hal_cortex.o(i.HAL_NVIC_SetPriorityGrouping)
    HAL_RCC_GetHCLKFreq                      0x08000575   Thumb Code    38  stm32f4xx_hal_rcc.o(i.HAL_RCC_GetHCLKFreq)
    HAL_RCC_GetPCLK1Freq                     0x080005a9   Thumb Code    36  stm32f4xx_hal_rcc.o(i.HAL_RCC_GetPCLK1Freq)
    HAL_RCC_GetPCLK2Freq                     0x080005d5   Thumb Code    36  stm32f4xx_hal_rcc.o(i.HAL_RCC_GetPCLK2Freq)
    HAL_RCC_GetSysClockFreq                  0x08000601   Thumb Code   104  stm32f4xx_hal_rcc.o(i.HAL_RCC_GetSysClockFreq)
    HAL_RCC_OscConfig                        0x08000675   Thumb Code   806  stm32f4xx_hal_rcc.o(i.HAL_RCC_OscConfig)
    HAL_SD_GetStatus                         0x080009b1   Thumb Code    78  stm32f4xx_hal_sd.o(i.HAL_SD_GetStatus)
    HAL_SD_Get_CardInfo                      0x080009ff   Thumb Code   696  stm32f4xx_hal_sd.o(i.HAL_SD_Get_CardInfo)
    HAL_SD_Init                              0x08000cb7   Thumb Code   160  stm32f4xx_hal_sd.o(i.HAL_SD_Init)
    HAL_SD_MspInit                           0x08000d59   Thumb Code    72  stm32f4xx_hal_msp.o(i.HAL_SD_MspInit)
    HAL_SD_ReadBlocks                        0x08000db1   Thumb Code   380  stm32f4xx_hal_sd.o(i.HAL_SD_ReadBlocks)
    HAL_SD_StopTransfer                      0x08000f2d   Thumb Code    44  stm32f4xx_hal_sd.o(i.HAL_SD_StopTransfer)
    HAL_SD_WideBusOperation_Config           0x08000f59   Thumb Code    94  stm32f4xx_hal_sd.o(i.HAL_SD_WideBusOperation_Config)
    HAL_SD_WriteBlocks                       0x08000fb9   Thumb Code   472  stm32f4xx_hal_sd.o(i.HAL_SD_WriteBlocks)
    HAL_SPI_Init                             0x08001191   Thumb Code   132  stm32f4xx_hal_spi.o(i.HAL_SPI_Init)
    HAL_SPI_MspInit                          0x08001215   Thumb Code   172  stm32f4xx_hal_msp.o(i.HAL_SPI_MspInit)
    HAL_SYSTICK_CLKSourceConfig              0x080012dd   Thumb Code    24  stm32f4xx_hal_cortex.o(i.HAL_SYSTICK_CLKSourceConfig)
    HAL_SYSTICK_Callback                     0x080012f5   Thumb Code     2  stm32f4xx_hal_cortex.o(i.HAL_SYSTICK_Callback)
    HAL_SYSTICK_Config                       0x080012f7   Thumb Code    40  stm32f4xx_hal_cortex.o(i.HAL_SYSTICK_Config)
    HAL_SYSTICK_IRQHandler                   0x0800131f   Thumb Code     8  stm32f4xx_hal_cortex.o(i.HAL_SYSTICK_IRQHandler)
    HAL_UART_Init                            0x08001327   Thumb Code    94  stm32f4xx_hal_uart.o(i.HAL_UART_Init)
    HAL_UART_MspInit                         0x08001385   Thumb Code    64  stm32f4xx_hal_msp.o(i.HAL_UART_MspInit)
    MX_FATFS_Init                            0x080013d1   Thumb Code    28  fatfs.o(i.MX_FATFS_Init)
    SDIO_DataConfig                          0x080014b5   Thumb Code    36  stm32f4xx_ll_sdmmc.o(i.SDIO_DataConfig)
    SDIO_GetCommandResponse                  0x080014d9   Thumb Code     6  stm32f4xx_ll_sdmmc.o(i.SDIO_GetCommandResponse)
    SDIO_GetPowerState                       0x080014df   Thumb Code     8  stm32f4xx_ll_sdmmc.o(i.SDIO_GetPowerState)
    SDIO_GetResponse                         0x080014e9   Thumb Code    12  stm32f4xx_ll_sdmmc.o(i.SDIO_GetResponse)
    SDIO_Init                                0x080014f9   Thumb Code    36  stm32f4xx_ll_sdmmc.o(i.SDIO_Init)
    SDIO_PowerState_ON                       0x0800151d   Thumb Code     8  stm32f4xx_ll_sdmmc.o(i.SDIO_PowerState_ON)
    SDIO_ReadFIFO                            0x08001525   Thumb Code     6  stm32f4xx_ll_sdmmc.o(i.SDIO_ReadFIFO)
    SDIO_SendCommand                         0x0800152b   Thumb Code    32  stm32f4xx_ll_sdmmc.o(i.SDIO_SendCommand)
    SDIO_WriteFIFO                           0x0800154b   Thumb Code    10  stm32f4xx_ll_sdmmc.o(i.SDIO_WriteFIFO)
    SD_initialize                            0x08001ca1   Thumb Code    26  sd_diskio.o(i.SD_initialize)
    SD_ioctl                                 0x08001cc1   Thumb Code    76  sd_diskio.o(i.SD_ioctl)
    SD_read                                  0x08001d11   Thumb Code    28  sd_diskio.o(i.SD_read)
    SD_status                                0x08001d2d   Thumb Code    26  sd_diskio.o(i.SD_status)
    SD_write                                 0x08001d4d   Thumb Code    28  sd_diskio.o(i.SD_write)
    SysTick_Handler                          0x08001d69   Thumb Code    14  stm32f4xx_it.o(i.SysTick_Handler)
    SystemClock_Config                       0x08001d79   Thumb Code   102  main.o(i.SystemClock_Config)
    SystemInit                               0x08001de9   Thumb Code    66  system_stm32f4xx.o(i.SystemInit)
    USER_initialize                          0x08001fb5   Thumb Code    18  user_diskio.o(i.USER_initialize)
    USER_ioctl                               0x08001fcd   Thumb Code     4  user_diskio.o(i.USER_ioctl)
    USER_read                                0x08001fd1   Thumb Code     4  user_diskio.o(i.USER_read)
    USER_status                              0x08001fd5   Thumb Code    18  user_diskio.o(i.USER_status)
    USER_write                               0x08001fed   Thumb Code     4  user_diskio.o(i.USER_write)
    __scatterload_copy                       0x08001ff1   Thumb Code    14  handlers.o(i.__scatterload_copy)
    __scatterload_null                       0x08001fff   Thumb Code     2  handlers.o(i.__scatterload_null)
    __scatterload_zeroinit                   0x08002001   Thumb Code    14  handlers.o(i.__scatterload_zeroinit)
    disk_initialize                          0x08002095   Thumb Code    30  diskio.o(i.disk_initialize)
    disk_read                                0x080020b9   Thumb Code    28  diskio.o(i.disk_read)
    disk_status                              0x080020d9   Thumb Code    12  diskio.o(i.disk_status)
    disk_write                               0x080020e9   Thumb Code    28  diskio.o(i.disk_write)
    f_mount                                  0x08002109   Thumb Code    88  ff.o(i.f_mount)
    main                                     0x080023f9   Thumb Code   160  main.o(i.main)
    APBAHBPrescTable                         0x08002540   Data          16  stm32f4xx_hal_rcc.o(.constdata)
    rwmode                                   0x08002550   Data           1  main.o(.constdata)
    Region$$Table$$Base                      0x08002554   Number         0  anon$$obj.o(Region$$Table)
    Region$$Table$$Limit                     0x08002574   Number         0  anon$$obj.o(Region$$Table)
    res                                      0x20000004   Data           1  main.o(.data)
    retSD                                    0x20000005   Data           1  fatfs.o(.data)
    retUSER                                  0x20000006   Data           1  fatfs.o(.data)
    SD_Path                                  0x20000007   Data           4  fatfs.o(.data)
    USER_Path                                0x2000000b   Data           4  fatfs.o(.data)
    USER_Driver                              0x20000010   Data          20  user_diskio.o(.data)
    SD_Driver                                0x20000028   Data          20  sd_diskio.o(.data)
    SystemCoreClock                          0x20000048   Data           4  system_stm32f4xx.o(.data)
    hsd                                      0x2000004c   Data          96  main.o(.bss)
    hspi1                                    0x200000ac   Data          88  main.o(.bss)
    hspi2                                    0x20000104   Data          88  main.o(.bss)
    hspi3                                    0x2000015c   Data          88  main.o(.bss)
    huart1                                   0x200001b4   Data          64  main.o(.bss)
    fs32                                     0x200001f4   Data         560  main.o(.bss)
    SDCardInfo                               0x20000428   Data          88  main.o(.bss)
    disk                                     0x20000498   Data          16  ff_gen_drv.o(.bss)
    __initial_sp                             0x200008a8   Data           0  startup_stm32f407xx.o(STACK)



==============================================================================

Memory Map of the image

  Image Entry point : 0x08000189

  Load Region LR_IROM1 (Base: 0x08000000, Size: 0x000025c0, Max: 0x00100000, ABSOLUTE)

    Execution Region ER_IROM1 (Base: 0x08000000, Size: 0x00002574, Max: 0x00100000, ABSOLUTE)

    Base Addr    Size         Type   Attr      Idx    E Section Name        Object

    0x08000000   0x00000188   Data   RO            3    RESET               startup_stm32f407xx.o
    0x08000188   0x00000000   Code   RO         2829  * .ARM.Collect$$$$00000000  mc_w.l(entry.o)
    0x08000188   0x00000004   Code   RO         2862    .ARM.Collect$$$$00000001  mc_w.l(entry2.o)
    0x0800018c   0x00000004   Code   RO         2865    .ARM.Collect$$$$00000004  mc_w.l(entry5.o)
    0x08000190   0x00000000   Code   RO         2867    .ARM.Collect$$$$00000008  mc_w.l(entry7b.o)
    0x08000190   0x00000000   Code   RO         2869    .ARM.Collect$$$$0000000A  mc_w.l(entry8b.o)
    0x08000190   0x00000008   Code   RO         2870    .ARM.Collect$$$$0000000B  mc_w.l(entry9a.o)
    0x08000198   0x00000000   Code   RO         2872    .ARM.Collect$$$$0000000D  mc_w.l(entry10a.o)
    0x08000198   0x00000000   Code   RO         2874    .ARM.Collect$$$$0000000F  mc_w.l(entry11a.o)
    0x08000198   0x00000004   Code   RO         2863    .ARM.Collect$$$$00002712  mc_w.l(entry2.o)
    0x0800019c   0x00000024   Code   RO            4    .text               startup_stm32f407xx.o
    0x080001c0   0x00000024   Code   RO         2882    .text               mc_w.l(init.o)
    0x080001e4   0x0000000c   Code   RO         2012    i.BSP_SD_GetCardInfo  bsp_driver_sd.o
    0x080001f0   0x0000000c   Code   RO         2013    i.BSP_SD_GetStatus  bsp_driver_sd.o
    0x080001fc   0x0000003c   Code   RO         2016    i.BSP_SD_Init       bsp_driver_sd.o
    0x08000238   0x00000020   Code   RO         2018    i.BSP_SD_ReadBlocks  bsp_driver_sd.o
    0x08000258   0x00000020   Code   RO         2020    i.BSP_SD_WriteBlocks  bsp_driver_sd.o
    0x08000278   0x00000038   Code   RO         2725    i.FATFS_LinkDriver  ff_gen_drv.o
    0x080002b0   0x00000016   Code   RO         1414    i.HAL_Delay         stm32f4xx_hal.o
    0x080002c6   0x00000002   PAD
    0x080002c8   0x000001c0   Code   RO          588    i.HAL_GPIO_Init     stm32f4xx_hal_gpio.o
    0x08000488   0x0000000c   Code   RO         1420    i.HAL_GetTick       stm32f4xx_hal.o
    0x08000494   0x00000010   Code   RO         1421    i.HAL_IncTick       stm32f4xx_hal.o
    0x080004a4   0x00000034   Code   RO         1422    i.HAL_Init          stm32f4xx_hal.o
    0x080004d8   0x00000022   Code   RO         1423    i.HAL_InitTick      stm32f4xx_hal.o
    0x080004fa   0x00000016   Code   RO         2115    i.HAL_MspInit       stm32f4xx_hal_msp.o
    0x08000510   0x00000040   Code   RO         1561    i.HAL_NVIC_SetPriority  stm32f4xx_hal_cortex.o
    0x08000550   0x00000024   Code   RO         1562    i.HAL_NVIC_SetPriorityGrouping  stm32f4xx_hal_cortex.o
    0x08000574   0x00000034   Code   RO          746    i.HAL_RCC_GetHCLKFreq  stm32f4xx_hal_rcc.o
    0x080005a8   0x0000002c   Code   RO          748    i.HAL_RCC_GetPCLK1Freq  stm32f4xx_hal_rcc.o
    0x080005d4   0x0000002c   Code   RO          749    i.HAL_RCC_GetPCLK2Freq  stm32f4xx_hal_rcc.o
    0x08000600   0x00000074   Code   RO          750    i.HAL_RCC_GetSysClockFreq  stm32f4xx_hal_rcc.o
    0x08000674   0x0000033c   Code   RO          753    i.HAL_RCC_OscConfig  stm32f4xx_hal_rcc.o
    0x080009b0   0x0000004e   Code   RO         1178    i.HAL_SD_GetStatus  stm32f4xx_hal_sd.o
    0x080009fe   0x000002b8   Code   RO         1179    i.HAL_SD_Get_CardInfo  stm32f4xx_hal_sd.o
    0x08000cb6   0x000000a0   Code   RO         1182    i.HAL_SD_Init       stm32f4xx_hal_sd.o
    0x08000d56   0x00000002   PAD
    0x08000d58   0x00000058   Code   RO         2117    i.HAL_SD_MspInit    stm32f4xx_hal_msp.o
    0x08000db0   0x0000017c   Code   RO         1185    i.HAL_SD_ReadBlocks  stm32f4xx_hal_sd.o
    0x08000f2c   0x0000002c   Code   RO         1188    i.HAL_SD_StopTransfer  stm32f4xx_hal_sd.o
    0x08000f58   0x0000005e   Code   RO         1189    i.HAL_SD_WideBusOperation_Config  stm32f4xx_hal_sd.o
    0x08000fb6   0x00000002   PAD
    0x08000fb8   0x000001d8   Code   RO         1190    i.HAL_SD_WriteBlocks  stm32f4xx_hal_sd.o
    0x08001190   0x00000084   Code   RO          349    i.HAL_SPI_Init      stm32f4xx_hal_spi.o
    0x08001214   0x000000c8   Code   RO         2119    i.HAL_SPI_MspInit   stm32f4xx_hal_msp.o
    0x080012dc   0x00000018   Code   RO         1564    i.HAL_SYSTICK_CLKSourceConfig  stm32f4xx_hal_cortex.o
    0x080012f4   0x00000002   Code   RO         1565    i.HAL_SYSTICK_Callback  stm32f4xx_hal_cortex.o
    0x080012f6   0x00000028   Code   RO         1566    i.HAL_SYSTICK_Config  stm32f4xx_hal_cortex.o
    0x0800131e   0x00000008   Code   RO         1567    i.HAL_SYSTICK_IRQHandler  stm32f4xx_hal_cortex.o
    0x08001326   0x0000005e   Code   RO           29    i.HAL_UART_Init     stm32f4xx_hal_uart.o
    0x08001384   0x0000004c   Code   RO         2121    i.HAL_UART_MspInit  stm32f4xx_hal_msp.o
    0x080013d0   0x00000028   Code   RO         1977    i.MX_FATFS_Init     fatfs.o
    0x080013f8   0x00000034   Code   RO         1865    i.MX_SPI1_Init      main.o
    0x0800142c   0x00000034   Code   RO         1866    i.MX_SPI2_Init      main.o
    0x08001460   0x00000034   Code   RO         1867    i.MX_SPI3_Init      main.o
    0x08001494   0x00000020   Code   RO         1568    i.NVIC_SetPriority  stm32f4xx_hal_cortex.o
    0x080014b4   0x00000024   Code   RO         1073    i.SDIO_DataConfig   stm32f4xx_ll_sdmmc.o
    0x080014d8   0x00000006   Code   RO         1074    i.SDIO_GetCommandResponse  stm32f4xx_ll_sdmmc.o
    0x080014de   0x00000008   Code   RO         1077    i.SDIO_GetPowerState  stm32f4xx_ll_sdmmc.o
    0x080014e6   0x00000002   PAD
    0x080014e8   0x00000010   Code   RO         1078    i.SDIO_GetResponse  stm32f4xx_ll_sdmmc.o
    0x080014f8   0x00000024   Code   RO         1079    i.SDIO_Init         stm32f4xx_ll_sdmmc.o
    0x0800151c   0x00000008   Code   RO         1081    i.SDIO_PowerState_ON  stm32f4xx_ll_sdmmc.o
    0x08001524   0x00000006   Code   RO         1082    i.SDIO_ReadFIFO     stm32f4xx_ll_sdmmc.o
    0x0800152a   0x00000020   Code   RO         1083    i.SDIO_SendCommand  stm32f4xx_ll_sdmmc.o
    0x0800154a   0x0000000a   Code   RO         1085    i.SDIO_WriteFIFO    stm32f4xx_ll_sdmmc.o
    0x08001554   0x000000ec   Code   RO         1194    i.SD_CmdResp1Error  stm32f4xx_hal_sd.o
    0x08001640   0x0000002e   Code   RO         1195    i.SD_CmdResp2Error  stm32f4xx_hal_sd.o
    0x0800166e   0x00000072   Code   RO         1196    i.SD_CmdResp6Error  stm32f4xx_hal_sd.o
    0x080016e0   0x00000040   Code   RO         1197    i.SD_CmdResp7Error  stm32f4xx_hal_sd.o
    0x08001720   0x0000010a   Code   RO         1202    i.SD_FindSCR        stm32f4xx_hal_sd.o
    0x0800182a   0x000000dc   Code   RO         1203    i.SD_Initialize_Cards  stm32f4xx_hal_sd.o
    0x08001906   0x00000002   PAD
    0x08001908   0x0000013c   Code   RO         1204    i.SD_IsCardProgramming  stm32f4xx_hal_sd.o
    0x08001a44   0x00000174   Code   RO         1205    i.SD_PowerON        stm32f4xx_hal_sd.o
    0x08001bb8   0x00000072   Code   RO         1206    i.SD_WideBus_Disable  stm32f4xx_hal_sd.o
    0x08001c2a   0x00000074   Code   RO         1207    i.SD_WideBus_Enable  stm32f4xx_hal_sd.o
    0x08001c9e   0x00000002   PAD
    0x08001ca0   0x00000020   Code   RO         2332    i.SD_initialize     sd_diskio.o
    0x08001cc0   0x00000050   Code   RO         2333    i.SD_ioctl          sd_diskio.o
    0x08001d10   0x0000001c   Code   RO         2334    i.SD_read           sd_diskio.o
    0x08001d2c   0x00000020   Code   RO         2335    i.SD_status         sd_diskio.o
    0x08001d4c   0x0000001c   Code   RO         2336    i.SD_write          sd_diskio.o
    0x08001d68   0x0000000e   Code   RO         1950    i.SysTick_Handler   stm32f4xx_it.o
    0x08001d76   0x00000002   PAD
    0x08001d78   0x00000070   Code   RO         1868    i.SystemClock_Config  main.o
    0x08001de8   0x00000054   Code   RO         2796    i.SystemInit        system_stm32f4xx.o
    0x08001e3c   0x00000178   Code   RO           48    i.UART_SetConfig    stm32f4xx_hal_uart.o
    0x08001fb4   0x00000018   Code   RO         2175    i.USER_initialize   user_diskio.o
    0x08001fcc   0x00000004   Code   RO         2176    i.USER_ioctl        user_diskio.o
    0x08001fd0   0x00000004   Code   RO         2177    i.USER_read         user_diskio.o
    0x08001fd4   0x00000018   Code   RO         2178    i.USER_status       user_diskio.o
    0x08001fec   0x00000004   Code   RO         2179    i.USER_write        user_diskio.o
    0x08001ff0   0x0000000e   Code   RO         2886    i.__scatterload_copy  mc_w.l(handlers.o)
    0x08001ffe   0x00000002   Code   RO         2887    i.__scatterload_null  mc_w.l(handlers.o)
    0x08002000   0x0000000e   Code   RO         2888    i.__scatterload_zeroinit  mc_w.l(handlers.o)
    0x0800200e   0x00000002   PAD
    0x08002010   0x00000060   Code   RO         2384    i.check_fs          ff.o
    0x08002070   0x00000024   Code   RO         2387    i.clear_lock        ff.o
    0x08002094   0x00000024   Code   RO         2234    i.disk_initialize   diskio.o
    0x080020b8   0x00000020   Code   RO         2236    i.disk_read         diskio.o
    0x080020d8   0x00000010   Code   RO         2237    i.disk_status       diskio.o
    0x080020e8   0x00000020   Code   RO         2238    i.disk_write        diskio.o
    0x08002108   0x0000005c   Code   RO         2407    i.f_mount           ff.o
    0x08002164   0x00000258   Code   RO         2422    i.find_volume       ff.o
    0x080023bc   0x0000003c   Code   RO         2427    i.get_ldnumber      ff.o
    0x080023f8   0x000000bc   Code   RO         1869    i.main              main.o
    0x080024b4   0x00000032   Code   RO         2432    i.move_window       ff.o
    0x080024e6   0x0000005a   Code   RO         2439    i.sync_window       ff.o
    0x08002540   0x00000010   Data   RO          754    .constdata          stm32f4xx_hal_rcc.o
    0x08002550   0x00000001   Data   RO         1875    .constdata          main.o
    0x08002551   0x00000003   PAD
    0x08002554   0x00000020   Data   RO         2884    Region$$Table       anon$$obj.o


    Execution Region RW_IRAM1 (Base: 0x20000000, Size: 0x000008a8, Max: 0x00020000, ABSOLUTE)

    Base Addr    Size         Type   Attr      Idx    E Section Name        Object

    0x20000000   0x00000004   Data   RW         1428    .data               stm32f4xx_hal.o
    0x20000004   0x00000001   Data   RW         1876    .data               main.o
    0x20000005   0x0000000a   Data   RW         1978    .data               fatfs.o
    0x2000000f   0x00000001   Data   RW         2180    .data               user_diskio.o
    0x20000010   0x00000014   Data   RW         2181    .data               user_diskio.o
    0x20000024   0x00000001   Data   RW         2337    .data               sd_diskio.o
    0x20000025   0x00000003   PAD
    0x20000028   0x00000014   Data   RW         2338    .data               sd_diskio.o
    0x2000003c   0x0000000c   Data   RW         2443    .data               ff.o
    0x20000048   0x00000004   Data   RW         2798    .data               system_stm32f4xx.o
    0x2000004c   0x000003d8   Zero   RW         1870    .bss                main.o
    0x20000424   0x00000004   PAD
    0x20000428   0x00000058   Zero   RW         1871    .bss                main.o
    0x20000480   0x00000018   Zero   RW         2441    .bss                ff.o
    0x20000498   0x00000010   Zero   RW         2727    .bss                ff_gen_drv.o
    0x200004a8   0x00000400   Zero   RW            1    STACK               startup_stm32f407xx.o


==============================================================================

Image component sizes


      Code (inc. data)   RO Data    RW Data    ZI Data      Debug   Object Name

       148         32          0          0          0       3426   bsp_driver_sd.o
       116         18          0          0          0       3020   diskio.o
        40         12          0         10          0       1110   fatfs.o
      1024         26          0         12         24      10611   ff.o
        56          4          0          0         16       1014   ff_gen_drv.o
       456         62          1          1       1072       8719   main.o
       200         16          0         21          0       4220   sd_diskio.o
        36          8        392          0       1024        980   startup_stm32f407xx.o
       136         16          0          4          0       4318   stm32f4xx_hal.o
       206         14          0          0          0      31384   stm32f4xx_hal_cortex.o
       448         50          0          0          0       1908   stm32f4xx_hal_gpio.o
       386         56          0          0          0       3060   stm32f4xx_hal_msp.o
      1084         64         16          0          0       5037   stm32f4xx_hal_rcc.o
      3788         20          0          0          0      21499   stm32f4xx_hal_sd.o
       132          0          0          0          0       1211   stm32f4xx_hal_spi.o
       470         10          0          0          0     352748   stm32f4xx_hal_uart.o
        14          0          0          0          0        522   stm32f4xx_it.o
       158          4          0          0          0       6101   stm32f4xx_ll_sdmmc.o
        84         18          0          4          0       1413   system_stm32f4xx.o
        60         12          0         21          0       3248   user_diskio.o

    ----------------------------------------------------------------------
      9056        442        444         76       2140     465549   Object Totals
         0          0         32          0          0          0   (incl. Generated)
        14          0          3          3          4          0   (incl. Padding)

    ----------------------------------------------------------------------

      Code (inc. data)   RO Data    RW Data    ZI Data      Debug   Library Member Name

         0          0          0          0          0          0   entry.o
         0          0          0          0          0          0   entry10a.o
         0          0          0          0          0          0   entry11a.o
         8          4          0          0          0          0   entry2.o
         4          0          0          0          0          0   entry5.o
         0          0          0          0          0          0   entry7b.o
         0          0          0          0          0          0   entry8b.o
         8          4          0          0          0          0   entry9a.o
        30          0          0          0          0          0   handlers.o
        36          8          0          0          0         68   init.o

    ----------------------------------------------------------------------
        88         16          0          0          0         68   Library Totals
         2          0          0          0          0          0   (incl. Padding)

    ----------------------------------------------------------------------

      Code (inc. data)   RO Data    RW Data    ZI Data      Debug   Library Name

        86         16          0          0          0         68   mc_w.l

    ----------------------------------------------------------------------
        88         16          0          0          0         68   Library Totals

    ----------------------------------------------------------------------

==============================================================================


      Code (inc. data)   RO Data    RW Data    ZI Data      Debug   

      9144        458        444         76       2140     457921   Grand Totals
      9144        458        444         76       2140     457921   ELF Image Totals
      9144        458        444         76          0          0   ROM Totals

==============================================================================

    Total RO  Size (Code + RO Data)                 9588 (   9.36kB)
    Total RW  Size (RW Data + ZI Data)              2216 (   2.16kB)
    Total ROM Size (Code + RO Data + RW Data)       9664 (   9.44kB)

==============================================================================

